Archive member included to satisfy reference by file (symbol)

c:/program files (x86)/atollic/truestudio for stm32 9.1.0/armtools/bin/../lib/gcc/arm-atollic-eabi/6.3.1/../../../../arm-atollic-eabi/lib/armv7e-m/fpu\libc_nano.a(lib_a-init.o)
                              startup\startup_stm32f407xx.o (__libc_init_array)
c:/program files (x86)/atollic/truestudio for stm32 9.1.0/armtools/bin/../lib/gcc/arm-atollic-eabi/6.3.1/armv7e-m/fpu\libgcc.a(_aeabi_uldivmod.o)
                              Drivers\STM32F4xx_HAL_Driver\Src\stm32f4xx_hal_rcc.o (__aeabi_uldivmod)
c:/program files (x86)/atollic/truestudio for stm32 9.1.0/armtools/bin/../lib/gcc/arm-atollic-eabi/6.3.1/armv7e-m/fpu\libgcc.a(_udivmoddi4.o)
                              c:/program files (x86)/atollic/truestudio for stm32 9.1.0/armtools/bin/../lib/gcc/arm-atollic-eabi/6.3.1/armv7e-m/fpu\libgcc.a(_aeabi_uldivmod.o) (__udivmoddi4)
c:/program files (x86)/atollic/truestudio for stm32 9.1.0/armtools/bin/../lib/gcc/arm-atollic-eabi/6.3.1/armv7e-m/fpu\libgcc.a(_dvmd_tls.o)
                              c:/program files (x86)/atollic/truestudio for stm32 9.1.0/armtools/bin/../lib/gcc/arm-atollic-eabi/6.3.1/armv7e-m/fpu\libgcc.a(_aeabi_uldivmod.o) (__aeabi_ldiv0)

Allocating common symbols
Common symbol       size              file

uwTick              0x4               Drivers\STM32F4xx_HAL_Driver\Src\stm32f4xx_hal.o
pFlash              0x20              Drivers\STM32F4xx_HAL_Driver\Src\stm32f4xx_hal_flash.o
v_flag              0x1               Src\stm32f4xx_it.o
v_data              0x1               Src\main.o
htim2               0x3c              Src\main.o
huart2              0x40              Src\main.o
v_data_u16          0x2               Src\main.o

Discarded input sections

 .text          0x00000000        0x0 c:/program files (x86)/atollic/truestudio for stm32 9.1.0/armtools/bin/../lib/gcc/arm-atollic-eabi/6.3.1/armv7e-m/fpu/crti.o
 .data          0x00000000        0x0 c:/program files (x86)/atollic/truestudio for stm32 9.1.0/armtools/bin/../lib/gcc/arm-atollic-eabi/6.3.1/armv7e-m/fpu/crti.o
 .bss           0x00000000        0x0 c:/program files (x86)/atollic/truestudio for stm32 9.1.0/armtools/bin/../lib/gcc/arm-atollic-eabi/6.3.1/armv7e-m/fpu/crti.o
 .data          0x00000000        0x4 c:/program files (x86)/atollic/truestudio for stm32 9.1.0/armtools/bin/../lib/gcc/arm-atollic-eabi/6.3.1/armv7e-m/fpu/crtbegin.o
 .text          0x00000000        0x0 Drivers\STM32F4xx_HAL_Driver\Src\stm32f4xx_hal.o
 .data          0x00000000        0x0 Drivers\STM32F4xx_HAL_Driver\Src\stm32f4xx_hal.o
 .bss           0x00000000        0x0 Drivers\STM32F4xx_HAL_Driver\Src\stm32f4xx_hal.o
 .text.HAL_MspInit
                0x00000000        0x2 Drivers\STM32F4xx_HAL_Driver\Src\stm32f4xx_hal.o
 .text.HAL_MspDeInit
                0x00000000        0x2 Drivers\STM32F4xx_HAL_Driver\Src\stm32f4xx_hal.o
 .text.HAL_DeInit
                0x00000000       0x2c Drivers\STM32F4xx_HAL_Driver\Src\stm32f4xx_hal.o
 .text.HAL_Delay
                0x00000000       0x20 Drivers\STM32F4xx_HAL_Driver\Src\stm32f4xx_hal.o
 .text.HAL_SuspendTick
                0x00000000       0x10 Drivers\STM32F4xx_HAL_Driver\Src\stm32f4xx_hal.o
 .text.HAL_ResumeTick
                0x00000000       0x10 Drivers\STM32F4xx_HAL_Driver\Src\stm32f4xx_hal.o
 .text.HAL_GetHalVersion
                0x00000000        0x8 Drivers\STM32F4xx_HAL_Driver\Src\stm32f4xx_hal.o
 .text.HAL_GetREVID
                0x00000000        0xc Drivers\STM32F4xx_HAL_Driver\Src\stm32f4xx_hal.o
 .text.HAL_GetDEVID
                0x00000000       0x10 Drivers\STM32F4xx_HAL_Driver\Src\stm32f4xx_hal.o
 .text.HAL_DBGMCU_EnableDBGSleepMode
                0x00000000       0x10 Drivers\STM32F4xx_HAL_Driver\Src\stm32f4xx_hal.o
 .text.HAL_DBGMCU_DisableDBGSleepMode
                0x00000000       0x10 Drivers\STM32F4xx_HAL_Driver\Src\stm32f4xx_hal.o
 .text.HAL_DBGMCU_EnableDBGStopMode
                0x00000000       0x10 Drivers\STM32F4xx_HAL_Driver\Src\stm32f4xx_hal.o
 .text.HAL_DBGMCU_DisableDBGStopMode
                0x00000000       0x10 Drivers\STM32F4xx_HAL_Driver\Src\stm32f4xx_hal.o
 .text.HAL_DBGMCU_EnableDBGStandbyMode
                0x00000000       0x10 Drivers\STM32F4xx_HAL_Driver\Src\stm32f4xx_hal.o
 .text.HAL_DBGMCU_DisableDBGStandbyMode
                0x00000000       0x10 Drivers\STM32F4xx_HAL_Driver\Src\stm32f4xx_hal.o
 .text.HAL_EnableCompensationCell
                0x00000000        0xc Drivers\STM32F4xx_HAL_Driver\Src\stm32f4xx_hal.o
 .text.HAL_DisableCompensationCell
                0x00000000        0xc Drivers\STM32F4xx_HAL_Driver\Src\stm32f4xx_hal.o
 .text.HAL_GetUID
                0x00000000       0x20 Drivers\STM32F4xx_HAL_Driver\Src\stm32f4xx_hal.o
 .text          0x00000000        0x0 Drivers\STM32F4xx_HAL_Driver\Src\stm32f4xx_hal_cortex.o
 .data          0x00000000        0x0 Drivers\STM32F4xx_HAL_Driver\Src\stm32f4xx_hal_cortex.o
 .bss           0x00000000        0x0 Drivers\STM32F4xx_HAL_Driver\Src\stm32f4xx_hal_cortex.o
 .text.HAL_NVIC_DisableIRQ
                0x00000000       0x1c Drivers\STM32F4xx_HAL_Driver\Src\stm32f4xx_hal_cortex.o
 .text.HAL_NVIC_SystemReset
                0x00000000       0x24 Drivers\STM32F4xx_HAL_Driver\Src\stm32f4xx_hal_cortex.o
 .text.HAL_MPU_Disable
                0x00000000       0x20 Drivers\STM32F4xx_HAL_Driver\Src\stm32f4xx_hal_cortex.o
 .text.HAL_MPU_Enable
                0x00000000       0x24 Drivers\STM32F4xx_HAL_Driver\Src\stm32f4xx_hal_cortex.o
 .text.HAL_MPU_ConfigRegion
                0x00000000       0x50 Drivers\STM32F4xx_HAL_Driver\Src\stm32f4xx_hal_cortex.o
 .text.HAL_NVIC_GetPriorityGrouping
                0x00000000       0x10 Drivers\STM32F4xx_HAL_Driver\Src\stm32f4xx_hal_cortex.o
 .text.HAL_NVIC_GetPriority
                0x00000000       0x58 Drivers\STM32F4xx_HAL_Driver\Src\stm32f4xx_hal_cortex.o
 .text.HAL_NVIC_SetPendingIRQ
                0x00000000       0x1c Drivers\STM32F4xx_HAL_Driver\Src\stm32f4xx_hal_cortex.o
 .text.HAL_NVIC_GetPendingIRQ
                0x00000000       0x1c Drivers\STM32F4xx_HAL_Driver\Src\stm32f4xx_hal_cortex.o
 .text.HAL_NVIC_ClearPendingIRQ
                0x00000000       0x1c Drivers\STM32F4xx_HAL_Driver\Src\stm32f4xx_hal_cortex.o
 .text.HAL_NVIC_GetActive
                0x00000000       0x1c Drivers\STM32F4xx_HAL_Driver\Src\stm32f4xx_hal_cortex.o
 .text          0x00000000        0x0 Drivers\STM32F4xx_HAL_Driver\Src\stm32f4xx_hal_dma.o
 .data          0x00000000        0x0 Drivers\STM32F4xx_HAL_Driver\Src\stm32f4xx_hal_dma.o
 .bss           0x00000000        0x0 Drivers\STM32F4xx_HAL_Driver\Src\stm32f4xx_hal_dma.o
 .text.DMA_CalcBaseAndBitshift
                0x00000000       0x2c Drivers\STM32F4xx_HAL_Driver\Src\stm32f4xx_hal_dma.o
 .text.HAL_DMA_Init
                0x00000000       0xfc Drivers\STM32F4xx_HAL_Driver\Src\stm32f4xx_hal_dma.o
 .text.HAL_DMA_DeInit
                0x00000000       0x48 Drivers\STM32F4xx_HAL_Driver\Src\stm32f4xx_hal_dma.o
 .text.HAL_DMA_Start
                0x00000000       0x54 Drivers\STM32F4xx_HAL_Driver\Src\stm32f4xx_hal_dma.o
 .text.HAL_DMA_Start_IT
                0x00000000       0x7c Drivers\STM32F4xx_HAL_Driver\Src\stm32f4xx_hal_dma.o
 .text.HAL_DMA_Abort
                0x00000000       0x86 Drivers\STM32F4xx_HAL_Driver\Src\stm32f4xx_hal_dma.o
 .text.HAL_DMA_PollForTransfer
                0x00000000      0x112 Drivers\STM32F4xx_HAL_Driver\Src\stm32f4xx_hal_dma.o
 .text.HAL_DMA_IRQHandler
                0x00000000      0x174 Drivers\STM32F4xx_HAL_Driver\Src\stm32f4xx_hal_dma.o
 .text.HAL_DMA_RegisterCallback
                0x00000000       0x50 Drivers\STM32F4xx_HAL_Driver\Src\stm32f4xx_hal_dma.o
 .text.HAL_DMA_UnRegisterCallback
                0x00000000       0x5c Drivers\STM32F4xx_HAL_Driver\Src\stm32f4xx_hal_dma.o
 .text.HAL_DMA_GetState
                0x00000000        0x6 Drivers\STM32F4xx_HAL_Driver\Src\stm32f4xx_hal_dma.o
 .text.HAL_DMA_GetError
                0x00000000        0x4 Drivers\STM32F4xx_HAL_Driver\Src\stm32f4xx_hal_dma.o
 .rodata.flagBitshiftOffset.8809
                0x00000000        0x8 Drivers\STM32F4xx_HAL_Driver\Src\stm32f4xx_hal_dma.o
 .text          0x00000000        0x0 Drivers\STM32F4xx_HAL_Driver\Src\stm32f4xx_hal_dma_ex.o
 .data          0x00000000        0x0 Drivers\STM32F4xx_HAL_Driver\Src\stm32f4xx_hal_dma_ex.o
 .bss           0x00000000        0x0 Drivers\STM32F4xx_HAL_Driver\Src\stm32f4xx_hal_dma_ex.o
 .text.HAL_DMAEx_MultiBufferStart
                0x00000000       0x5a Drivers\STM32F4xx_HAL_Driver\Src\stm32f4xx_hal_dma_ex.o
 .text.HAL_DMAEx_MultiBufferStart_IT
                0x00000000      0x3e8 Drivers\STM32F4xx_HAL_Driver\Src\stm32f4xx_hal_dma_ex.o
 .text.HAL_DMAEx_ChangeMemory
                0x00000000        0xe Drivers\STM32F4xx_HAL_Driver\Src\stm32f4xx_hal_dma_ex.o
 .debug_info    0x00000000      0xdee Drivers\STM32F4xx_HAL_Driver\Src\stm32f4xx_hal_dma_ex.o
 .debug_abbrev  0x00000000      0x258 Drivers\STM32F4xx_HAL_Driver\Src\stm32f4xx_hal_dma_ex.o
 .debug_loc     0x00000000      0x452 Drivers\STM32F4xx_HAL_Driver\Src\stm32f4xx_hal_dma_ex.o
 .debug_aranges
                0x00000000       0x30 Drivers\STM32F4xx_HAL_Driver\Src\stm32f4xx_hal_dma_ex.o
 .debug_ranges  0x00000000       0x50 Drivers\STM32F4xx_HAL_Driver\Src\stm32f4xx_hal_dma_ex.o
 .debug_line    0x00000000      0x619 Drivers\STM32F4xx_HAL_Driver\Src\stm32f4xx_hal_dma_ex.o
 .debug_str     0x00000000      0x9d7 Drivers\STM32F4xx_HAL_Driver\Src\stm32f4xx_hal_dma_ex.o
 .comment       0x00000000       0x7d Drivers\STM32F4xx_HAL_Driver\Src\stm32f4xx_hal_dma_ex.o
 .debug_frame   0x00000000       0x58 Drivers\STM32F4xx_HAL_Driver\Src\stm32f4xx_hal_dma_ex.o
 .ARM.attributes
                0x00000000       0x39 Drivers\STM32F4xx_HAL_Driver\Src\stm32f4xx_hal_dma_ex.o
 .text          0x00000000        0x0 Drivers\STM32F4xx_HAL_Driver\Src\stm32f4xx_hal_flash.o
 .data          0x00000000        0x0 Drivers\STM32F4xx_HAL_Driver\Src\stm32f4xx_hal_flash.o
 .bss           0x00000000        0x0 Drivers\STM32F4xx_HAL_Driver\Src\stm32f4xx_hal_flash.o
 .text.FLASH_Program_DoubleWord
                0x00000000       0x28 Drivers\STM32F4xx_HAL_Driver\Src\stm32f4xx_hal_flash.o
 .text.FLASH_Program_Word
                0x00000000       0x24 Drivers\STM32F4xx_HAL_Driver\Src\stm32f4xx_hal_flash.o
 .text.FLASH_Program_HalfWord
                0x00000000       0x24 Drivers\STM32F4xx_HAL_Driver\Src\stm32f4xx_hal_flash.o
 .text.FLASH_SetErrorCode
                0x00000000       0x74 Drivers\STM32F4xx_HAL_Driver\Src\stm32f4xx_hal_flash.o
 .text.HAL_FLASH_Program_IT
                0x00000000       0x74 Drivers\STM32F4xx_HAL_Driver\Src\stm32f4xx_hal_flash.o
 .text.HAL_FLASH_EndOfOperationCallback
                0x00000000        0x2 Drivers\STM32F4xx_HAL_Driver\Src\stm32f4xx_hal_flash.o
 .text.HAL_FLASH_OperationErrorCallback
                0x00000000        0x2 Drivers\STM32F4xx_HAL_Driver\Src\stm32f4xx_hal_flash.o
 .text.HAL_FLASH_IRQHandler
                0x00000000       0xc4 Drivers\STM32F4xx_HAL_Driver\Src\stm32f4xx_hal_flash.o
 .text.HAL_FLASH_Unlock
                0x00000000       0x24 Drivers\STM32F4xx_HAL_Driver\Src\stm32f4xx_hal_flash.o
 .text.HAL_FLASH_Lock
                0x00000000       0x14 Drivers\STM32F4xx_HAL_Driver\Src\stm32f4xx_hal_flash.o
 .text.HAL_FLASH_OB_Unlock
                0x00000000       0x24 Drivers\STM32F4xx_HAL_Driver\Src\stm32f4xx_hal_flash.o
 .text.HAL_FLASH_OB_Lock
                0x00000000       0x14 Drivers\STM32F4xx_HAL_Driver\Src\stm32f4xx_hal_flash.o
 .text.HAL_FLASH_GetError
                0x00000000        0xc Drivers\STM32F4xx_HAL_Driver\Src\stm32f4xx_hal_flash.o
 .text.FLASH_WaitForLastOperation
                0x00000000       0x54 Drivers\STM32F4xx_HAL_Driver\Src\stm32f4xx_hal_flash.o
 .text.HAL_FLASH_Program
                0x00000000       0x90 Drivers\STM32F4xx_HAL_Driver\Src\stm32f4xx_hal_flash.o
 .text.HAL_FLASH_OB_Launch
                0x00000000       0x18 Drivers\STM32F4xx_HAL_Driver\Src\stm32f4xx_hal_flash.o
 .debug_info    0x00000000      0xf5b Drivers\STM32F4xx_HAL_Driver\Src\stm32f4xx_hal_flash.o
 .debug_abbrev  0x00000000      0x372 Drivers\STM32F4xx_HAL_Driver\Src\stm32f4xx_hal_flash.o
 .debug_loc     0x00000000      0x2d9 Drivers\STM32F4xx_HAL_Driver\Src\stm32f4xx_hal_flash.o
 .debug_aranges
                0x00000000       0x90 Drivers\STM32F4xx_HAL_Driver\Src\stm32f4xx_hal_flash.o
 .debug_ranges  0x00000000       0xb0 Drivers\STM32F4xx_HAL_Driver\Src\stm32f4xx_hal_flash.o
 .debug_line    0x00000000      0x4e0 Drivers\STM32F4xx_HAL_Driver\Src\stm32f4xx_hal_flash.o
 .debug_str     0x00000000      0x9c0 Drivers\STM32F4xx_HAL_Driver\Src\stm32f4xx_hal_flash.o
 .comment       0x00000000       0x7d Drivers\STM32F4xx_HAL_Driver\Src\stm32f4xx_hal_flash.o
 .debug_frame   0x00000000      0x154 Drivers\STM32F4xx_HAL_Driver\Src\stm32f4xx_hal_flash.o
 .ARM.attributes
                0x00000000       0x39 Drivers\STM32F4xx_HAL_Driver\Src\stm32f4xx_hal_flash.o
 COMMON         0x00000000       0x20 Drivers\STM32F4xx_HAL_Driver\Src\stm32f4xx_hal_flash.o
 .text          0x00000000        0x0 Drivers\STM32F4xx_HAL_Driver\Src\stm32f4xx_hal_flash_ex.o
 .data          0x00000000        0x0 Drivers\STM32F4xx_HAL_Driver\Src\stm32f4xx_hal_flash_ex.o
 .bss           0x00000000        0x0 Drivers\STM32F4xx_HAL_Driver\Src\stm32f4xx_hal_flash_ex.o
 .text.FLASH_MassErase.isra.0
                0x00000000       0x24 Drivers\STM32F4xx_HAL_Driver\Src\stm32f4xx_hal_flash_ex.o
 .text.HAL_FLASHEx_OBProgram
                0x00000000       0xb8 Drivers\STM32F4xx_HAL_Driver\Src\stm32f4xx_hal_flash_ex.o
 .text.HAL_FLASHEx_OBGetConfig
                0x00000000       0x48 Drivers\STM32F4xx_HAL_Driver\Src\stm32f4xx_hal_flash_ex.o
 .text.FLASH_Erase_Sector
                0x00000000       0x4c Drivers\STM32F4xx_HAL_Driver\Src\stm32f4xx_hal_flash_ex.o
 .text.HAL_FLASHEx_Erase_IT
                0x00000000       0x60 Drivers\STM32F4xx_HAL_Driver\Src\stm32f4xx_hal_flash_ex.o
 .text.FLASH_FlushCaches
                0x00000000       0x58 Drivers\STM32F4xx_HAL_Driver\Src\stm32f4xx_hal_flash_ex.o
 .text.HAL_FLASHEx_Erase
                0x00000000       0x9c Drivers\STM32F4xx_HAL_Driver\Src\stm32f4xx_hal_flash_ex.o
 .debug_info    0x00000000     0x10a1 Drivers\STM32F4xx_HAL_Driver\Src\stm32f4xx_hal_flash_ex.o
 .debug_abbrev  0x00000000      0x365 Drivers\STM32F4xx_HAL_Driver\Src\stm32f4xx_hal_flash_ex.o
 .debug_loc     0x00000000      0x3e5 Drivers\STM32F4xx_HAL_Driver\Src\stm32f4xx_hal_flash_ex.o
 .debug_aranges
                0x00000000       0x50 Drivers\STM32F4xx_HAL_Driver\Src\stm32f4xx_hal_flash_ex.o
 .debug_ranges  0x00000000       0xd8 Drivers\STM32F4xx_HAL_Driver\Src\stm32f4xx_hal_flash_ex.o
 .debug_line    0x00000000      0x496 Drivers\STM32F4xx_HAL_Driver\Src\stm32f4xx_hal_flash_ex.o
 .debug_str     0x00000000      0xa16 Drivers\STM32F4xx_HAL_Driver\Src\stm32f4xx_hal_flash_ex.o
 .comment       0x00000000       0x7d Drivers\STM32F4xx_HAL_Driver\Src\stm32f4xx_hal_flash_ex.o
 .debug_frame   0x00000000       0xa8 Drivers\STM32F4xx_HAL_Driver\Src\stm32f4xx_hal_flash_ex.o
 .ARM.attributes
                0x00000000       0x39 Drivers\STM32F4xx_HAL_Driver\Src\stm32f4xx_hal_flash_ex.o
 .text          0x00000000        0x0 Drivers\STM32F4xx_HAL_Driver\Src\stm32f4xx_hal_flash_ramfunc.o
 .data          0x00000000        0x0 Drivers\STM32F4xx_HAL_Driver\Src\stm32f4xx_hal_flash_ramfunc.o
 .bss           0x00000000        0x0 Drivers\STM32F4xx_HAL_Driver\Src\stm32f4xx_hal_flash_ramfunc.o
 .debug_info    0x00000000      0x927 Drivers\STM32F4xx_HAL_Driver\Src\stm32f4xx_hal_flash_ramfunc.o
 .debug_abbrev  0x00000000      0x15c Drivers\STM32F4xx_HAL_Driver\Src\stm32f4xx_hal_flash_ramfunc.o
 .debug_aranges
                0x00000000       0x18 Drivers\STM32F4xx_HAL_Driver\Src\stm32f4xx_hal_flash_ramfunc.o
 .debug_line    0x00000000      0x203 Drivers\STM32F4xx_HAL_Driver\Src\stm32f4xx_hal_flash_ramfunc.o
 .debug_str     0x00000000      0x65c Drivers\STM32F4xx_HAL_Driver\Src\stm32f4xx_hal_flash_ramfunc.o
 .comment       0x00000000       0x7d Drivers\STM32F4xx_HAL_Driver\Src\stm32f4xx_hal_flash_ramfunc.o
 .ARM.attributes
                0x00000000       0x39 Drivers\STM32F4xx_HAL_Driver\Src\stm32f4xx_hal_flash_ramfunc.o
 .text          0x00000000        0x0 Drivers\STM32F4xx_HAL_Driver\Src\stm32f4xx_hal_gpio.o
 .data          0x00000000        0x0 Drivers\STM32F4xx_HAL_Driver\Src\stm32f4xx_hal_gpio.o
 .bss           0x00000000        0x0 Drivers\STM32F4xx_HAL_Driver\Src\stm32f4xx_hal_gpio.o
 .text.HAL_GPIO_DeInit
                0x00000000      0x130 Drivers\STM32F4xx_HAL_Driver\Src\stm32f4xx_hal_gpio.o
 .text.HAL_GPIO_ReadPin
                0x00000000        0xc Drivers\STM32F4xx_HAL_Driver\Src\stm32f4xx_hal_gpio.o
 .text.HAL_GPIO_TogglePin
                0x00000000        0x8 Drivers\STM32F4xx_HAL_Driver\Src\stm32f4xx_hal_gpio.o
 .text.HAL_GPIO_LockPin
                0x00000000       0x2a Drivers\STM32F4xx_HAL_Driver\Src\stm32f4xx_hal_gpio.o
 .text.HAL_GPIO_EXTI_Callback
                0x00000000        0x2 Drivers\STM32F4xx_HAL_Driver\Src\stm32f4xx_hal_gpio.o
 .text.HAL_GPIO_EXTI_IRQHandler
                0x00000000       0x18 Drivers\STM32F4xx_HAL_Driver\Src\stm32f4xx_hal_gpio.o
 .text          0x00000000        0x0 Drivers\STM32F4xx_HAL_Driver\Src\stm32f4xx_hal_pwr.o
 .data          0x00000000        0x0 Drivers\STM32F4xx_HAL_Driver\Src\stm32f4xx_hal_pwr.o
 .bss           0x00000000        0x0 Drivers\STM32F4xx_HAL_Driver\Src\stm32f4xx_hal_pwr.o
 .text.HAL_PWR_DeInit
                0x00000000       0x18 Drivers\STM32F4xx_HAL_Driver\Src\stm32f4xx_hal_pwr.o
 .text.HAL_PWR_EnableBkUpAccess
                0x00000000        0xc Drivers\STM32F4xx_HAL_Driver\Src\stm32f4xx_hal_pwr.o
 .text.HAL_PWR_DisableBkUpAccess
                0x00000000        0xc Drivers\STM32F4xx_HAL_Driver\Src\stm32f4xx_hal_pwr.o
 .text.HAL_PWR_ConfigPVD
                0x00000000       0x70 Drivers\STM32F4xx_HAL_Driver\Src\stm32f4xx_hal_pwr.o
 .text.HAL_PWR_EnablePVD
                0x00000000        0xc Drivers\STM32F4xx_HAL_Driver\Src\stm32f4xx_hal_pwr.o
 .text.HAL_PWR_DisablePVD
                0x00000000        0xc Drivers\STM32F4xx_HAL_Driver\Src\stm32f4xx_hal_pwr.o
 .text.HAL_PWR_EnableWakeUpPin
                0x00000000       0x10 Drivers\STM32F4xx_HAL_Driver\Src\stm32f4xx_hal_pwr.o
 .text.HAL_PWR_DisableWakeUpPin
                0x00000000       0x10 Drivers\STM32F4xx_HAL_Driver\Src\stm32f4xx_hal_pwr.o
 .text.HAL_PWR_EnterSLEEPMode
                0x00000000       0x20 Drivers\STM32F4xx_HAL_Driver\Src\stm32f4xx_hal_pwr.o
 .text.HAL_PWR_EnterSTOPMode
                0x00000000       0x38 Drivers\STM32F4xx_HAL_Driver\Src\stm32f4xx_hal_pwr.o
 .text.HAL_PWR_EnterSTANDBYMode
                0x00000000       0x20 Drivers\STM32F4xx_HAL_Driver\Src\stm32f4xx_hal_pwr.o
 .text.HAL_PWR_PVDCallback
                0x00000000        0x2 Drivers\STM32F4xx_HAL_Driver\Src\stm32f4xx_hal_pwr.o
 .text.HAL_PWR_PVD_IRQHandler
                0x00000000       0x1c Drivers\STM32F4xx_HAL_Driver\Src\stm32f4xx_hal_pwr.o
 .text.HAL_PWR_EnableSleepOnExit
                0x00000000       0x10 Drivers\STM32F4xx_HAL_Driver\Src\stm32f4xx_hal_pwr.o
 .text.HAL_PWR_DisableSleepOnExit
                0x00000000       0x10 Drivers\STM32F4xx_HAL_Driver\Src\stm32f4xx_hal_pwr.o
 .text.HAL_PWR_EnableSEVOnPend
                0x00000000       0x10 Drivers\STM32F4xx_HAL_Driver\Src\stm32f4xx_hal_pwr.o
 .text.HAL_PWR_DisableSEVOnPend
                0x00000000       0x10 Drivers\STM32F4xx_HAL_Driver\Src\stm32f4xx_hal_pwr.o
 .debug_info    0x00000000      0xfe9 Drivers\STM32F4xx_HAL_Driver\Src\stm32f4xx_hal_pwr.o
 .debug_abbrev  0x00000000      0x21f Drivers\STM32F4xx_HAL_Driver\Src\stm32f4xx_hal_pwr.o
 .debug_loc     0x00000000       0x84 Drivers\STM32F4xx_HAL_Driver\Src\stm32f4xx_hal_pwr.o
 .debug_aranges
                0x00000000       0xa0 Drivers\STM32F4xx_HAL_Driver\Src\stm32f4xx_hal_pwr.o
 .debug_ranges  0x00000000       0x90 Drivers\STM32F4xx_HAL_Driver\Src\stm32f4xx_hal_pwr.o
 .debug_line    0x00000000      0x406 Drivers\STM32F4xx_HAL_Driver\Src\stm32f4xx_hal_pwr.o
 .debug_str     0x00000000      0x9c5 Drivers\STM32F4xx_HAL_Driver\Src\stm32f4xx_hal_pwr.o
 .comment       0x00000000       0x7d Drivers\STM32F4xx_HAL_Driver\Src\stm32f4xx_hal_pwr.o
 .debug_frame   0x00000000      0x128 Drivers\STM32F4xx_HAL_Driver\Src\stm32f4xx_hal_pwr.o
 .ARM.attributes
                0x00000000       0x39 Drivers\STM32F4xx_HAL_Driver\Src\stm32f4xx_hal_pwr.o
 .text          0x00000000        0x0 Drivers\STM32F4xx_HAL_Driver\Src\stm32f4xx_hal_pwr_ex.o
 .data          0x00000000        0x0 Drivers\STM32F4xx_HAL_Driver\Src\stm32f4xx_hal_pwr_ex.o
 .bss           0x00000000        0x0 Drivers\STM32F4xx_HAL_Driver\Src\stm32f4xx_hal_pwr_ex.o
 .text.HAL_PWREx_EnableBkUpReg
                0x00000000       0x34 Drivers\STM32F4xx_HAL_Driver\Src\stm32f4xx_hal_pwr_ex.o
 .text.HAL_PWREx_DisableBkUpReg
                0x00000000       0x34 Drivers\STM32F4xx_HAL_Driver\Src\stm32f4xx_hal_pwr_ex.o
 .text.HAL_PWREx_EnableFlashPowerDown
                0x00000000        0xc Drivers\STM32F4xx_HAL_Driver\Src\stm32f4xx_hal_pwr_ex.o
 .text.HAL_PWREx_DisableFlashPowerDown
                0x00000000        0xc Drivers\STM32F4xx_HAL_Driver\Src\stm32f4xx_hal_pwr_ex.o
 .text.HAL_PWREx_GetVoltageRange
                0x00000000       0x10 Drivers\STM32F4xx_HAL_Driver\Src\stm32f4xx_hal_pwr_ex.o
 .text.HAL_PWREx_ControlVoltageScaling
                0x00000000       0x5c Drivers\STM32F4xx_HAL_Driver\Src\stm32f4xx_hal_pwr_ex.o
 .debug_info    0x00000000      0xca4 Drivers\STM32F4xx_HAL_Driver\Src\stm32f4xx_hal_pwr_ex.o
 .debug_abbrev  0x00000000      0x22e Drivers\STM32F4xx_HAL_Driver\Src\stm32f4xx_hal_pwr_ex.o
 .debug_loc     0x00000000       0x7e Drivers\STM32F4xx_HAL_Driver\Src\stm32f4xx_hal_pwr_ex.o
 .debug_aranges
                0x00000000       0x48 Drivers\STM32F4xx_HAL_Driver\Src\stm32f4xx_hal_pwr_ex.o
 .debug_ranges  0x00000000       0x68 Drivers\STM32F4xx_HAL_Driver\Src\stm32f4xx_hal_pwr_ex.o
 .debug_line    0x00000000      0x334 Drivers\STM32F4xx_HAL_Driver\Src\stm32f4xx_hal_pwr_ex.o
 .debug_str     0x00000000      0x880 Drivers\STM32F4xx_HAL_Driver\Src\stm32f4xx_hal_pwr_ex.o
 .comment       0x00000000       0x7d Drivers\STM32F4xx_HAL_Driver\Src\stm32f4xx_hal_pwr_ex.o
 .debug_frame   0x00000000       0x98 Drivers\STM32F4xx_HAL_Driver\Src\stm32f4xx_hal_pwr_ex.o
 .ARM.attributes
                0x00000000       0x39 Drivers\STM32F4xx_HAL_Driver\Src\stm32f4xx_hal_pwr_ex.o
 .text          0x00000000        0x0 Drivers\STM32F4xx_HAL_Driver\Src\stm32f4xx_hal_rcc.o
 .data          0x00000000        0x0 Drivers\STM32F4xx_HAL_Driver\Src\stm32f4xx_hal_rcc.o
 .bss           0x00000000        0x0 Drivers\STM32F4xx_HAL_Driver\Src\stm32f4xx_hal_rcc.o
 .text.HAL_RCC_DeInit
                0x00000000        0x4 Drivers\STM32F4xx_HAL_Driver\Src\stm32f4xx_hal_rcc.o
 .text.HAL_RCC_MCOConfig
                0x00000000       0x98 Drivers\STM32F4xx_HAL_Driver\Src\stm32f4xx_hal_rcc.o
 .text.HAL_RCC_EnableCSS
                0x00000000        0xc Drivers\STM32F4xx_HAL_Driver\Src\stm32f4xx_hal_rcc.o
 .text.HAL_RCC_DisableCSS
                0x00000000        0xc Drivers\STM32F4xx_HAL_Driver\Src\stm32f4xx_hal_rcc.o
 .text.HAL_RCC_GetOscConfig
                0x00000000       0x9c Drivers\STM32F4xx_HAL_Driver\Src\stm32f4xx_hal_rcc.o
 .text.HAL_RCC_GetClockConfig
                0x00000000       0x3c Drivers\STM32F4xx_HAL_Driver\Src\stm32f4xx_hal_rcc.o
 .text.HAL_RCC_CSSCallback
                0x00000000        0x2 Drivers\STM32F4xx_HAL_Driver\Src\stm32f4xx_hal_rcc.o
 .text.HAL_RCC_NMI_IRQHandler
                0x00000000       0x20 Drivers\STM32F4xx_HAL_Driver\Src\stm32f4xx_hal_rcc.o
 .text          0x00000000        0x0 Drivers\STM32F4xx_HAL_Driver\Src\stm32f4xx_hal_rcc_ex.o
 .data          0x00000000        0x0 Drivers\STM32F4xx_HAL_Driver\Src\stm32f4xx_hal_rcc_ex.o
 .bss           0x00000000        0x0 Drivers\STM32F4xx_HAL_Driver\Src\stm32f4xx_hal_rcc_ex.o
 .text.HAL_RCCEx_PeriphCLKConfig
                0x00000000      0x130 Drivers\STM32F4xx_HAL_Driver\Src\stm32f4xx_hal_rcc_ex.o
 .text.HAL_RCCEx_GetPeriphCLKConfig
                0x00000000       0x30 Drivers\STM32F4xx_HAL_Driver\Src\stm32f4xx_hal_rcc_ex.o
 .text.HAL_RCCEx_GetPeriphCLKFreq
                0x00000000       0x5c Drivers\STM32F4xx_HAL_Driver\Src\stm32f4xx_hal_rcc_ex.o
 .text.HAL_RCC_DeInit
                0x00000000       0xf0 Drivers\STM32F4xx_HAL_Driver\Src\stm32f4xx_hal_rcc_ex.o
 .debug_info    0x00000000      0xdd3 Drivers\STM32F4xx_HAL_Driver\Src\stm32f4xx_hal_rcc_ex.o
 .debug_abbrev  0x00000000      0x225 Drivers\STM32F4xx_HAL_Driver\Src\stm32f4xx_hal_rcc_ex.o
 .debug_loc     0x00000000      0x26a Drivers\STM32F4xx_HAL_Driver\Src\stm32f4xx_hal_rcc_ex.o
 .debug_aranges
                0x00000000       0x38 Drivers\STM32F4xx_HAL_Driver\Src\stm32f4xx_hal_rcc_ex.o
 .debug_ranges  0x00000000       0x40 Drivers\STM32F4xx_HAL_Driver\Src\stm32f4xx_hal_rcc_ex.o
 .debug_line    0x00000000      0x3e0 Drivers\STM32F4xx_HAL_Driver\Src\stm32f4xx_hal_rcc_ex.o
 .debug_str     0x00000000      0x8ee Drivers\STM32F4xx_HAL_Driver\Src\stm32f4xx_hal_rcc_ex.o
 .comment       0x00000000       0x7d Drivers\STM32F4xx_HAL_Driver\Src\stm32f4xx_hal_rcc_ex.o
 .debug_frame   0x00000000       0x70 Drivers\STM32F4xx_HAL_Driver\Src\stm32f4xx_hal_rcc_ex.o
 .ARM.attributes
                0x00000000       0x39 Drivers\STM32F4xx_HAL_Driver\Src\stm32f4xx_hal_rcc_ex.o
 .text          0x00000000        0x0 Drivers\STM32F4xx_HAL_Driver\Src\stm32f4xx_hal_tim.o
 .data          0x00000000        0x0 Drivers\STM32F4xx_HAL_Driver\Src\stm32f4xx_hal_tim.o
 .bss           0x00000000        0x0 Drivers\STM32F4xx_HAL_Driver\Src\stm32f4xx_hal_tim.o
 .text.TIM_SlaveTimer_SetConfig
                0x00000000       0xaa Drivers\STM32F4xx_HAL_Driver\Src\stm32f4xx_hal_tim.o
 .text.HAL_TIM_Base_MspInit
                0x00000000        0x2 Drivers\STM32F4xx_HAL_Driver\Src\stm32f4xx_hal_tim.o
 .text.HAL_TIM_Base_MspDeInit
                0x00000000        0x2 Drivers\STM32F4xx_HAL_Driver\Src\stm32f4xx_hal_tim.o
 .text.HAL_TIM_Base_DeInit
                0x00000000       0x3a Drivers\STM32F4xx_HAL_Driver\Src\stm32f4xx_hal_tim.o
 .text.HAL_TIM_Base_Start
                0x00000000       0x1a Drivers\STM32F4xx_HAL_Driver\Src\stm32f4xx_hal_tim.o
 .text.HAL_TIM_Base_Stop
                0x00000000       0x2e Drivers\STM32F4xx_HAL_Driver\Src\stm32f4xx_hal_tim.o
 .text.HAL_TIM_Base_Start_IT
                0x00000000       0x16 Drivers\STM32F4xx_HAL_Driver\Src\stm32f4xx_hal_tim.o
 .text.HAL_TIM_Base_Stop_IT
                0x00000000       0x2a Drivers\STM32F4xx_HAL_Driver\Src\stm32f4xx_hal_tim.o
 .text.HAL_TIM_Base_Start_DMA
                0x00000000       0x54 Drivers\STM32F4xx_HAL_Driver\Src\stm32f4xx_hal_tim.o
 .text.HAL_TIM_Base_Stop_DMA
                0x00000000       0x30 Drivers\STM32F4xx_HAL_Driver\Src\stm32f4xx_hal_tim.o
 .text.HAL_TIM_OC_MspDeInit
                0x00000000        0x2 Drivers\STM32F4xx_HAL_Driver\Src\stm32f4xx_hal_tim.o
 .text.HAL_TIM_OC_DeInit
                0x00000000       0x3a Drivers\STM32F4xx_HAL_Driver\Src\stm32f4xx_hal_tim.o
 .text.HAL_TIM_PWM_MspInit
                0x00000000        0x2 Drivers\STM32F4xx_HAL_Driver\Src\stm32f4xx_hal_tim.o
 .text.HAL_TIM_PWM_MspDeInit
                0x00000000        0x2 Drivers\STM32F4xx_HAL_Driver\Src\stm32f4xx_hal_tim.o
 .text.HAL_TIM_PWM_DeInit
                0x00000000       0x3a Drivers\STM32F4xx_HAL_Driver\Src\stm32f4xx_hal_tim.o
 .text.HAL_TIM_IC_MspInit
                0x00000000        0x2 Drivers\STM32F4xx_HAL_Driver\Src\stm32f4xx_hal_tim.o
 .text.HAL_TIM_IC_MspDeInit
                0x00000000        0x2 Drivers\STM32F4xx_HAL_Driver\Src\stm32f4xx_hal_tim.o
 .text.HAL_TIM_IC_DeInit
                0x00000000       0x3a Drivers\STM32F4xx_HAL_Driver\Src\stm32f4xx_hal_tim.o
 .text.HAL_TIM_OnePulse_MspInit
                0x00000000        0x2 Drivers\STM32F4xx_HAL_Driver\Src\stm32f4xx_hal_tim.o
 .text.HAL_TIM_OnePulse_MspDeInit
                0x00000000        0x2 Drivers\STM32F4xx_HAL_Driver\Src\stm32f4xx_hal_tim.o
 .text.HAL_TIM_OnePulse_DeInit
                0x00000000       0x3a Drivers\STM32F4xx_HAL_Driver\Src\stm32f4xx_hal_tim.o
 .text.HAL_TIM_OnePulse_Start
                0x00000000       0x40 Drivers\STM32F4xx_HAL_Driver\Src\stm32f4xx_hal_tim.o
 .text.HAL_TIM_OnePulse_Stop
                0x00000000       0x68 Drivers\STM32F4xx_HAL_Driver\Src\stm32f4xx_hal_tim.o
 .text.HAL_TIM_OnePulse_Start_IT
                0x00000000       0x50 Drivers\STM32F4xx_HAL_Driver\Src\stm32f4xx_hal_tim.o
 .text.HAL_TIM_OnePulse_Stop_IT
                0x00000000       0x78 Drivers\STM32F4xx_HAL_Driver\Src\stm32f4xx_hal_tim.o
 .text.HAL_TIM_Encoder_MspInit
                0x00000000        0x2 Drivers\STM32F4xx_HAL_Driver\Src\stm32f4xx_hal_tim.o
 .text.HAL_TIM_Encoder_MspDeInit
                0x00000000        0x2 Drivers\STM32F4xx_HAL_Driver\Src\stm32f4xx_hal_tim.o
 .text.HAL_TIM_Encoder_DeInit
                0x00000000       0x3a Drivers\STM32F4xx_HAL_Driver\Src\stm32f4xx_hal_tim.o
 .text.HAL_TIM_Encoder_Start
                0x00000000       0x44 Drivers\STM32F4xx_HAL_Driver\Src\stm32f4xx_hal_tim.o
 .text.HAL_TIM_Encoder_Stop
                0x00000000       0x48 Drivers\STM32F4xx_HAL_Driver\Src\stm32f4xx_hal_tim.o
 .text.HAL_TIM_Encoder_Start_IT
                0x00000000       0x6e Drivers\STM32F4xx_HAL_Driver\Src\stm32f4xx_hal_tim.o
 .text.HAL_TIM_Encoder_Stop_IT
                0x00000000       0x74 Drivers\STM32F4xx_HAL_Driver\Src\stm32f4xx_hal_tim.o
 .text.HAL_TIM_Encoder_Start_DMA
                0x00000000      0x124 Drivers\STM32F4xx_HAL_Driver\Src\stm32f4xx_hal_tim.o
 .text.HAL_TIM_Encoder_Stop_DMA
                0x00000000       0x74 Drivers\STM32F4xx_HAL_Driver\Src\stm32f4xx_hal_tim.o
 .text.HAL_TIM_DMABurst_WriteStart
                0x00000000       0xb4 Drivers\STM32F4xx_HAL_Driver\Src\stm32f4xx_hal_tim.o
 .text.HAL_TIM_DMABurst_ReadStart
                0x00000000       0xb4 Drivers\STM32F4xx_HAL_Driver\Src\stm32f4xx_hal_tim.o
 .text.HAL_TIM_DMABurst_ReadStop
                0x00000000       0x5e Drivers\STM32F4xx_HAL_Driver\Src\stm32f4xx_hal_tim.o
 .text.HAL_TIM_DMABurst_WriteStop
                0x00000000        0x4 Drivers\STM32F4xx_HAL_Driver\Src\stm32f4xx_hal_tim.o
 .text.HAL_TIM_GenerateEvent
                0x00000000       0x24 Drivers\STM32F4xx_HAL_Driver\Src\stm32f4xx_hal_tim.o
 .text.HAL_TIM_ConfigOCrefClear
                0x00000000       0xb6 Drivers\STM32F4xx_HAL_Driver\Src\stm32f4xx_hal_tim.o
 .text.HAL_TIM_ConfigTI1Input
                0x00000000       0x10 Drivers\STM32F4xx_HAL_Driver\Src\stm32f4xx_hal_tim.o
 .text.HAL_TIM_SlaveConfigSynchronization
                0x00000000       0x40 Drivers\STM32F4xx_HAL_Driver\Src\stm32f4xx_hal_tim.o
 .text.HAL_TIM_SlaveConfigSynchronization_IT
                0x00000000       0x40 Drivers\STM32F4xx_HAL_Driver\Src\stm32f4xx_hal_tim.o
 .text.HAL_TIM_ReadCapturedValue
                0x00000000       0x46 Drivers\STM32F4xx_HAL_Driver\Src\stm32f4xx_hal_tim.o
 .text.TIM_DMAPeriodElapsedCplt
                0x00000000       0x10 Drivers\STM32F4xx_HAL_Driver\Src\stm32f4xx_hal_tim.o
 .text.TIM_DMACaptureCplt
                0x00000000       0x3c Drivers\STM32F4xx_HAL_Driver\Src\stm32f4xx_hal_tim.o
 .text.TIM_DMADelayPulseCplt
                0x00000000       0x3c Drivers\STM32F4xx_HAL_Driver\Src\stm32f4xx_hal_tim.o
 .text.TIM_DMATriggerCplt
                0x00000000       0x10 Drivers\STM32F4xx_HAL_Driver\Src\stm32f4xx_hal_tim.o
 .text.HAL_TIM_ErrorCallback
                0x00000000        0x2 Drivers\STM32F4xx_HAL_Driver\Src\stm32f4xx_hal_tim.o
 .text.TIM_DMAError
                0x00000000       0x10 Drivers\STM32F4xx_HAL_Driver\Src\stm32f4xx_hal_tim.o
 .text.HAL_TIM_Base_GetState
                0x00000000        0x6 Drivers\STM32F4xx_HAL_Driver\Src\stm32f4xx_hal_tim.o
 .text.HAL_TIM_OC_GetState
                0x00000000        0x6 Drivers\STM32F4xx_HAL_Driver\Src\stm32f4xx_hal_tim.o
 .text.HAL_TIM_PWM_GetState
                0x00000000        0x6 Drivers\STM32F4xx_HAL_Driver\Src\stm32f4xx_hal_tim.o
 .text.HAL_TIM_IC_GetState
                0x00000000        0x6 Drivers\STM32F4xx_HAL_Driver\Src\stm32f4xx_hal_tim.o
 .text.HAL_TIM_OnePulse_GetState
                0x00000000        0x6 Drivers\STM32F4xx_HAL_Driver\Src\stm32f4xx_hal_tim.o
 .text.HAL_TIM_Encoder_GetState
                0x00000000        0x6 Drivers\STM32F4xx_HAL_Driver\Src\stm32f4xx_hal_tim.o
 .text.HAL_TIM_PWM_Init
                0x00000000       0x34 Drivers\STM32F4xx_HAL_Driver\Src\stm32f4xx_hal_tim.o
 .text.HAL_TIM_IC_Init
                0x00000000       0x34 Drivers\STM32F4xx_HAL_Driver\Src\stm32f4xx_hal_tim.o
 .text.HAL_TIM_OnePulse_Init
                0x00000000       0x46 Drivers\STM32F4xx_HAL_Driver\Src\stm32f4xx_hal_tim.o
 .text.HAL_TIM_Encoder_Init
                0x00000000       0x92 Drivers\STM32F4xx_HAL_Driver\Src\stm32f4xx_hal_tim.o
 .text.TIM_TI1_SetConfig
                0x00000000       0x74 Drivers\STM32F4xx_HAL_Driver\Src\stm32f4xx_hal_tim.o
 .text.HAL_TIM_IC_ConfigChannel
                0x00000000      0x110 Drivers\STM32F4xx_HAL_Driver\Src\stm32f4xx_hal_tim.o
 .text.HAL_TIM_PWM_ConfigChannel
                0x00000000       0xc4 Drivers\STM32F4xx_HAL_Driver\Src\stm32f4xx_hal_tim.o
 .text.HAL_TIM_OnePulse_ConfigChannel
                0x00000000       0xf6 Drivers\STM32F4xx_HAL_Driver\Src\stm32f4xx_hal_tim.o
 .text.HAL_TIM_OC_Stop
                0x00000000       0x5c Drivers\STM32F4xx_HAL_Driver\Src\stm32f4xx_hal_tim.o
 .text.HAL_TIM_PWM_Stop
                0x00000000       0x64 Drivers\STM32F4xx_HAL_Driver\Src\stm32f4xx_hal_tim.o
 .text.HAL_TIM_PWM_Start_IT
                0x00000000       0x74 Drivers\STM32F4xx_HAL_Driver\Src\stm32f4xx_hal_tim.o
 .text.HAL_TIM_OC_Start_IT
                0x00000000        0x4 Drivers\STM32F4xx_HAL_Driver\Src\stm32f4xx_hal_tim.o
 .text.HAL_TIM_PWM_Stop_IT
                0x00000000       0x9c Drivers\STM32F4xx_HAL_Driver\Src\stm32f4xx_hal_tim.o
 .text.HAL_TIM_OC_Stop_IT
                0x00000000        0x4 Drivers\STM32F4xx_HAL_Driver\Src\stm32f4xx_hal_tim.o
 .text.HAL_TIM_PWM_Start_DMA
                0x00000000       0xec Drivers\STM32F4xx_HAL_Driver\Src\stm32f4xx_hal_tim.o
 .text.HAL_TIM_OC_Start_DMA
                0x00000000        0x4 Drivers\STM32F4xx_HAL_Driver\Src\stm32f4xx_hal_tim.o
 .text.HAL_TIM_PWM_Stop_DMA
                0x00000000       0xa0 Drivers\STM32F4xx_HAL_Driver\Src\stm32f4xx_hal_tim.o
 .text.HAL_TIM_OC_Stop_DMA
                0x00000000        0x4 Drivers\STM32F4xx_HAL_Driver\Src\stm32f4xx_hal_tim.o
 .text.HAL_TIM_IC_Start
                0x00000000       0x1a Drivers\STM32F4xx_HAL_Driver\Src\stm32f4xx_hal_tim.o
 .text.HAL_TIM_IC_Stop
                0x00000000       0x2e Drivers\STM32F4xx_HAL_Driver\Src\stm32f4xx_hal_tim.o
 .text.HAL_TIM_IC_Start_IT
                0x00000000       0x58 Drivers\STM32F4xx_HAL_Driver\Src\stm32f4xx_hal_tim.o
 .text.HAL_TIM_IC_Stop_IT
                0x00000000       0x6c Drivers\STM32F4xx_HAL_Driver\Src\stm32f4xx_hal_tim.o
 .text.HAL_TIM_IC_Start_DMA
                0x00000000       0xcc Drivers\STM32F4xx_HAL_Driver\Src\stm32f4xx_hal_tim.o
 .text.HAL_TIM_IC_Stop_DMA
                0x00000000       0x72 Drivers\STM32F4xx_HAL_Driver\Src\stm32f4xx_hal_tim.o
 .text          0x00000000        0x0 Drivers\STM32F4xx_HAL_Driver\Src\stm32f4xx_hal_tim_ex.o
 .data          0x00000000        0x0 Drivers\STM32F4xx_HAL_Driver\Src\stm32f4xx_hal_tim_ex.o
 .bss           0x00000000        0x0 Drivers\STM32F4xx_HAL_Driver\Src\stm32f4xx_hal_tim_ex.o
 .text.TIM_CCxNChannelCmd
                0x00000000       0x18 Drivers\STM32F4xx_HAL_Driver\Src\stm32f4xx_hal_tim_ex.o
 .text.HAL_TIMEx_HallSensor_MspInit
                0x00000000        0x2 Drivers\STM32F4xx_HAL_Driver\Src\stm32f4xx_hal_tim_ex.o
 .text.HAL_TIMEx_HallSensor_Init
                0x00000000       0xa0 Drivers\STM32F4xx_HAL_Driver\Src\stm32f4xx_hal_tim_ex.o
 .text.HAL_TIMEx_HallSensor_MspDeInit
                0x00000000        0x2 Drivers\STM32F4xx_HAL_Driver\Src\stm32f4xx_hal_tim_ex.o
 .text.HAL_TIMEx_HallSensor_DeInit
                0x00000000       0x3a Drivers\STM32F4xx_HAL_Driver\Src\stm32f4xx_hal_tim_ex.o
 .text.HAL_TIMEx_HallSensor_Start
                0x00000000       0x1c Drivers\STM32F4xx_HAL_Driver\Src\stm32f4xx_hal_tim_ex.o
 .text.HAL_TIMEx_HallSensor_Stop
                0x00000000       0x30 Drivers\STM32F4xx_HAL_Driver\Src\stm32f4xx_hal_tim_ex.o
 .text.HAL_TIMEx_HallSensor_Start_IT
                0x00000000       0x24 Drivers\STM32F4xx_HAL_Driver\Src\stm32f4xx_hal_tim_ex.o
 .text.HAL_TIMEx_HallSensor_Stop_IT
                0x00000000       0x38 Drivers\STM32F4xx_HAL_Driver\Src\stm32f4xx_hal_tim_ex.o
 .text.HAL_TIMEx_HallSensor_Start_DMA
                0x00000000       0x64 Drivers\STM32F4xx_HAL_Driver\Src\stm32f4xx_hal_tim_ex.o
 .text.HAL_TIMEx_HallSensor_Stop_DMA
                0x00000000       0x38 Drivers\STM32F4xx_HAL_Driver\Src\stm32f4xx_hal_tim_ex.o
 .text.HAL_TIMEx_PWMN_Start
                0x00000000       0x22 Drivers\STM32F4xx_HAL_Driver\Src\stm32f4xx_hal_tim_ex.o
 .text.HAL_TIMEx_OCN_Start
                0x00000000        0x4 Drivers\STM32F4xx_HAL_Driver\Src\stm32f4xx_hal_tim_ex.o
 .text.HAL_TIMEx_PWMN_Start_IT
                0x00000000       0x60 Drivers\STM32F4xx_HAL_Driver\Src\stm32f4xx_hal_tim_ex.o
 .text.HAL_TIMEx_OCN_Start_IT
                0x00000000        0x4 Drivers\STM32F4xx_HAL_Driver\Src\stm32f4xx_hal_tim_ex.o
 .text.HAL_TIMEx_PWMN_Stop_IT
                0x00000000       0x9a Drivers\STM32F4xx_HAL_Driver\Src\stm32f4xx_hal_tim_ex.o
 .text.HAL_TIMEx_OCN_Stop_IT
                0x00000000        0x4 Drivers\STM32F4xx_HAL_Driver\Src\stm32f4xx_hal_tim_ex.o
 .text.HAL_TIMEx_PWMN_Start_DMA
                0x00000000       0xd4 Drivers\STM32F4xx_HAL_Driver\Src\stm32f4xx_hal_tim_ex.o
 .text.HAL_TIMEx_OCN_Start_DMA
                0x00000000        0x4 Drivers\STM32F4xx_HAL_Driver\Src\stm32f4xx_hal_tim_ex.o
 .text.HAL_TIMEx_PWMN_Stop_DMA
                0x00000000       0x8e Drivers\STM32F4xx_HAL_Driver\Src\stm32f4xx_hal_tim_ex.o
 .text.HAL_TIMEx_OCN_Stop_DMA
                0x00000000        0x4 Drivers\STM32F4xx_HAL_Driver\Src\stm32f4xx_hal_tim_ex.o
 .text.HAL_TIMEx_OnePulseN_Start
                0x00000000       0x1a Drivers\STM32F4xx_HAL_Driver\Src\stm32f4xx_hal_tim_ex.o
 .text.HAL_TIMEx_OnePulseN_Stop
                0x00000000       0x4a Drivers\STM32F4xx_HAL_Driver\Src\stm32f4xx_hal_tim_ex.o
 .text.HAL_TIMEx_PWMN_Stop
                0x00000000        0x4 Drivers\STM32F4xx_HAL_Driver\Src\stm32f4xx_hal_tim_ex.o
 .text.HAL_TIMEx_OCN_Stop
                0x00000000        0x4 Drivers\STM32F4xx_HAL_Driver\Src\stm32f4xx_hal_tim_ex.o
 .text.HAL_TIMEx_OnePulseN_Start_IT
                0x00000000       0x2a Drivers\STM32F4xx_HAL_Driver\Src\stm32f4xx_hal_tim_ex.o
 .text.HAL_TIMEx_OnePulseN_Stop_IT
                0x00000000       0x5a Drivers\STM32F4xx_HAL_Driver\Src\stm32f4xx_hal_tim_ex.o
 .text.HAL_TIMEx_ConfigCommutationEvent
                0x00000000       0x4a Drivers\STM32F4xx_HAL_Driver\Src\stm32f4xx_hal_tim_ex.o
 .text.HAL_TIMEx_ConfigCommutationEvent_IT
                0x00000000       0x52 Drivers\STM32F4xx_HAL_Driver\Src\stm32f4xx_hal_tim_ex.o
 .text.HAL_TIMEx_ConfigCommutationEvent_DMA
                0x00000000       0x64 Drivers\STM32F4xx_HAL_Driver\Src\stm32f4xx_hal_tim_ex.o
 .text.HAL_TIMEx_ConfigBreakDeadTime
                0x00000000       0x4c Drivers\STM32F4xx_HAL_Driver\Src\stm32f4xx_hal_tim_ex.o
 .text.HAL_TIMEx_RemapConfig
                0x00000000       0x20 Drivers\STM32F4xx_HAL_Driver\Src\stm32f4xx_hal_tim_ex.o
 .text.TIMEx_DMACommutationCplt
                0x00000000       0x10 Drivers\STM32F4xx_HAL_Driver\Src\stm32f4xx_hal_tim_ex.o
 .text.HAL_TIMEx_HallSensor_GetState
                0x00000000        0x6 Drivers\STM32F4xx_HAL_Driver\Src\stm32f4xx_hal_tim_ex.o
 .text          0x00000000        0x0 Drivers\STM32F4xx_HAL_Driver\Src\stm32f4xx_hal_uart.o
 .data          0x00000000        0x0 Drivers\STM32F4xx_HAL_Driver\Src\stm32f4xx_hal_uart.o
 .bss           0x00000000        0x0 Drivers\STM32F4xx_HAL_Driver\Src\stm32f4xx_hal_uart.o
 .text.UART_WaitOnFlagUntilTimeout.constprop.3
                0x00000000       0x50 Drivers\STM32F4xx_HAL_Driver\Src\stm32f4xx_hal_uart.o
 .text.HAL_UART_MspInit
                0x00000000        0x2 Drivers\STM32F4xx_HAL_Driver\Src\stm32f4xx_hal_uart.o
 .text.HAL_HalfDuplex_Init
                0x00000000       0x64 Drivers\STM32F4xx_HAL_Driver\Src\stm32f4xx_hal_uart.o
 .text.HAL_LIN_Init
                0x00000000       0x76 Drivers\STM32F4xx_HAL_Driver\Src\stm32f4xx_hal_uart.o
 .text.HAL_MultiProcessor_Init
                0x00000000       0x7e Drivers\STM32F4xx_HAL_Driver\Src\stm32f4xx_hal_uart.o
 .text.HAL_UART_MspDeInit
                0x00000000        0x2 Drivers\STM32F4xx_HAL_Driver\Src\stm32f4xx_hal_uart.o
 .text.HAL_UART_DeInit
                0x00000000       0x26 Drivers\STM32F4xx_HAL_Driver\Src\stm32f4xx_hal_uart.o
 .text.HAL_UART_Transmit
                0x00000000       0xba Drivers\STM32F4xx_HAL_Driver\Src\stm32f4xx_hal_uart.o
 .text.HAL_UART_Receive
                0x00000000       0xc0 Drivers\STM32F4xx_HAL_Driver\Src\stm32f4xx_hal_uart.o
 .text.HAL_UART_Transmit_IT
                0x00000000       0x3e Drivers\STM32F4xx_HAL_Driver\Src\stm32f4xx_hal_uart.o
 .text.HAL_UART_Receive_IT
                0x00000000       0x46 Drivers\STM32F4xx_HAL_Driver\Src\stm32f4xx_hal_uart.o
 .text.HAL_UART_Transmit_DMA
                0x00000000       0x74 Drivers\STM32F4xx_HAL_Driver\Src\stm32f4xx_hal_uart.o
 .text.HAL_UART_Receive_DMA
                0x00000000       0x90 Drivers\STM32F4xx_HAL_Driver\Src\stm32f4xx_hal_uart.o
 .text.HAL_UART_DMAPause
                0x00000000       0x5a Drivers\STM32F4xx_HAL_Driver\Src\stm32f4xx_hal_uart.o
 .text.HAL_UART_DMAResume
                0x00000000       0x62 Drivers\STM32F4xx_HAL_Driver\Src\stm32f4xx_hal_uart.o
 .text.HAL_UART_DMAStop
                0x00000000       0x5e Drivers\STM32F4xx_HAL_Driver\Src\stm32f4xx_hal_uart.o
 .text.HAL_UART_Abort
                0x00000000       0x60 Drivers\STM32F4xx_HAL_Driver\Src\stm32f4xx_hal_uart.o
 .text.HAL_UART_AbortTransmit
                0x00000000       0x34 Drivers\STM32F4xx_HAL_Driver\Src\stm32f4xx_hal_uart.o
 .text.HAL_UART_AbortReceive
                0x00000000       0x3c Drivers\STM32F4xx_HAL_Driver\Src\stm32f4xx_hal_uart.o
 .text.UART_DMATransmitCplt
                0x00000000       0x2c Drivers\STM32F4xx_HAL_Driver\Src\stm32f4xx_hal_uart.o
 .text.HAL_UART_TxHalfCpltCallback
                0x00000000        0x2 Drivers\STM32F4xx_HAL_Driver\Src\stm32f4xx_hal_uart.o
 .text.UART_DMATxHalfCplt
                0x00000000        0xa Drivers\STM32F4xx_HAL_Driver\Src\stm32f4xx_hal_uart.o
 .text.UART_DMAReceiveCplt
                0x00000000       0x38 Drivers\STM32F4xx_HAL_Driver\Src\stm32f4xx_hal_uart.o
 .text.HAL_UART_RxHalfCpltCallback
                0x00000000        0x2 Drivers\STM32F4xx_HAL_Driver\Src\stm32f4xx_hal_uart.o
 .text.UART_DMARxHalfCplt
                0x00000000        0xa Drivers\STM32F4xx_HAL_Driver\Src\stm32f4xx_hal_uart.o
 .text.UART_DMAError
                0x00000000       0x4e Drivers\STM32F4xx_HAL_Driver\Src\stm32f4xx_hal_uart.o
 .text.HAL_UART_AbortCpltCallback
                0x00000000        0x2 Drivers\STM32F4xx_HAL_Driver\Src\stm32f4xx_hal_uart.o
 .text.HAL_UART_Abort_IT
                0x00000000       0xa8 Drivers\STM32F4xx_HAL_Driver\Src\stm32f4xx_hal_uart.o
 .text.UART_DMARxAbortCallback
                0x00000000       0x28 Drivers\STM32F4xx_HAL_Driver\Src\stm32f4xx_hal_uart.o
 .text.UART_DMATxAbortCallback
                0x00000000       0x28 Drivers\STM32F4xx_HAL_Driver\Src\stm32f4xx_hal_uart.o
 .text.HAL_UART_AbortTransmitCpltCallback
                0x00000000        0x2 Drivers\STM32F4xx_HAL_Driver\Src\stm32f4xx_hal_uart.o
 .text.HAL_UART_AbortTransmit_IT
                0x00000000       0x50 Drivers\STM32F4xx_HAL_Driver\Src\stm32f4xx_hal_uart.o
 .text.UART_DMATxOnlyAbortCallback
                0x00000000       0x14 Drivers\STM32F4xx_HAL_Driver\Src\stm32f4xx_hal_uart.o
 .text.HAL_UART_AbortReceiveCpltCallback
                0x00000000        0x2 Drivers\STM32F4xx_HAL_Driver\Src\stm32f4xx_hal_uart.o
 .text.HAL_UART_AbortReceive_IT
                0x00000000       0x58 Drivers\STM32F4xx_HAL_Driver\Src\stm32f4xx_hal_uart.o
 .text.UART_DMARxOnlyAbortCallback
                0x00000000       0x14 Drivers\STM32F4xx_HAL_Driver\Src\stm32f4xx_hal_uart.o
 .text.HAL_LIN_SendBreak
                0x00000000       0x2c Drivers\STM32F4xx_HAL_Driver\Src\stm32f4xx_hal_uart.o
 .text.HAL_MultiProcessor_EnterMuteMode
                0x00000000       0x2c Drivers\STM32F4xx_HAL_Driver\Src\stm32f4xx_hal_uart.o
 .text.HAL_MultiProcessor_ExitMuteMode
                0x00000000       0x2c Drivers\STM32F4xx_HAL_Driver\Src\stm32f4xx_hal_uart.o
 .text.HAL_HalfDuplex_EnableTransmitter
                0x00000000       0x30 Drivers\STM32F4xx_HAL_Driver\Src\stm32f4xx_hal_uart.o
 .text.HAL_HalfDuplex_EnableReceiver
                0x00000000       0x30 Drivers\STM32F4xx_HAL_Driver\Src\stm32f4xx_hal_uart.o
 .text.HAL_UART_GetState
                0x00000000        0xc Drivers\STM32F4xx_HAL_Driver\Src\stm32f4xx_hal_uart.o
 .text.HAL_UART_GetError
                0x00000000        0x4 Drivers\STM32F4xx_HAL_Driver\Src\stm32f4xx_hal_uart.o
 .text          0x00000000        0x0 Src\main.o
 .data          0x00000000        0x0 Src\main.o
 .bss           0x00000000        0x0 Src\main.o
 .text._Error_Handler
                0x00000000        0x2 Src\main.o
 .bss.UartTick  0x00000000        0x1 Src\main.o
 .text          0x00000000        0x0 Src\stm32f4xx_hal_msp.o
 .data          0x00000000        0x0 Src\stm32f4xx_hal_msp.o
 .bss           0x00000000        0x0 Src\stm32f4xx_hal_msp.o
 .text.HAL_TIM_Base_MspDeInit
                0x00000000       0x20 Src\stm32f4xx_hal_msp.o
 .text.HAL_UART_MspDeInit
                0x00000000       0x34 Src\stm32f4xx_hal_msp.o
 .text          0x00000000        0x0 Src\stm32f4xx_it.o
 .data          0x00000000        0x0 Src\stm32f4xx_it.o
 .bss           0x00000000        0x0 Src\stm32f4xx_it.o
 .text          0x00000000        0x0 Src\system_stm32f4xx.o
 .data          0x00000000        0x0 Src\system_stm32f4xx.o
 .bss           0x00000000        0x0 Src\system_stm32f4xx.o
 .text.SystemCoreClockUpdate
                0x00000000       0x74 Src\system_stm32f4xx.o
 .text          0x00000000       0x14 startup\startup_stm32f407xx.o
 .data          0x00000000        0x0 startup\startup_stm32f407xx.o
 .bss           0x00000000        0x0 startup\startup_stm32f407xx.o
 .text          0x00000000        0x0 c:/program files (x86)/atollic/truestudio for stm32 9.1.0/armtools/bin/../lib/gcc/arm-atollic-eabi/6.3.1/../../../../arm-atollic-eabi/lib/armv7e-m/fpu\libc_nano.a(lib_a-init.o)
 .data          0x00000000        0x0 c:/program files (x86)/atollic/truestudio for stm32 9.1.0/armtools/bin/../lib/gcc/arm-atollic-eabi/6.3.1/../../../../arm-atollic-eabi/lib/armv7e-m/fpu\libc_nano.a(lib_a-init.o)
 .bss           0x00000000        0x0 c:/program files (x86)/atollic/truestudio for stm32 9.1.0/armtools/bin/../lib/gcc/arm-atollic-eabi/6.3.1/../../../../arm-atollic-eabi/lib/armv7e-m/fpu\libc_nano.a(lib_a-init.o)
 .data          0x00000000        0x0 c:/program files (x86)/atollic/truestudio for stm32 9.1.0/armtools/bin/../lib/gcc/arm-atollic-eabi/6.3.1/armv7e-m/fpu\libgcc.a(_aeabi_uldivmod.o)
 .bss           0x00000000        0x0 c:/program files (x86)/atollic/truestudio for stm32 9.1.0/armtools/bin/../lib/gcc/arm-atollic-eabi/6.3.1/armv7e-m/fpu\libgcc.a(_aeabi_uldivmod.o)
 .data          0x00000000        0x0 c:/program files (x86)/atollic/truestudio for stm32 9.1.0/armtools/bin/../lib/gcc/arm-atollic-eabi/6.3.1/armv7e-m/fpu\libgcc.a(_udivmoddi4.o)
 .bss           0x00000000        0x0 c:/program files (x86)/atollic/truestudio for stm32 9.1.0/armtools/bin/../lib/gcc/arm-atollic-eabi/6.3.1/armv7e-m/fpu\libgcc.a(_udivmoddi4.o)
 .ARM.extab     0x00000000        0x0 c:/program files (x86)/atollic/truestudio for stm32 9.1.0/armtools/bin/../lib/gcc/arm-atollic-eabi/6.3.1/armv7e-m/fpu\libgcc.a(_udivmoddi4.o)
 .data          0x00000000        0x0 c:/program files (x86)/atollic/truestudio for stm32 9.1.0/armtools/bin/../lib/gcc/arm-atollic-eabi/6.3.1/armv7e-m/fpu\libgcc.a(_dvmd_tls.o)
 .bss           0x00000000        0x0 c:/program files (x86)/atollic/truestudio for stm32 9.1.0/armtools/bin/../lib/gcc/arm-atollic-eabi/6.3.1/armv7e-m/fpu\libgcc.a(_dvmd_tls.o)
 .text          0x00000000        0x0 c:/program files (x86)/atollic/truestudio for stm32 9.1.0/armtools/bin/../lib/gcc/arm-atollic-eabi/6.3.1/armv7e-m/fpu/crtend.o
 .data          0x00000000        0x0 c:/program files (x86)/atollic/truestudio for stm32 9.1.0/armtools/bin/../lib/gcc/arm-atollic-eabi/6.3.1/armv7e-m/fpu/crtend.o
 .bss           0x00000000        0x0 c:/program files (x86)/atollic/truestudio for stm32 9.1.0/armtools/bin/../lib/gcc/arm-atollic-eabi/6.3.1/armv7e-m/fpu/crtend.o
 .eh_frame      0x00000000        0x4 c:/program files (x86)/atollic/truestudio for stm32 9.1.0/armtools/bin/../lib/gcc/arm-atollic-eabi/6.3.1/armv7e-m/fpu/crtend.o
 .ARM.attributes
                0x00000000       0x34 c:/program files (x86)/atollic/truestudio for stm32 9.1.0/armtools/bin/../lib/gcc/arm-atollic-eabi/6.3.1/armv7e-m/fpu/crtend.o
 .text          0x00000000        0x0 c:/program files (x86)/atollic/truestudio for stm32 9.1.0/armtools/bin/../lib/gcc/arm-atollic-eabi/6.3.1/armv7e-m/fpu/crtn.o
 .data          0x00000000        0x0 c:/program files (x86)/atollic/truestudio for stm32 9.1.0/armtools/bin/../lib/gcc/arm-atollic-eabi/6.3.1/armv7e-m/fpu/crtn.o
 .bss           0x00000000        0x0 c:/program files (x86)/atollic/truestudio for stm32 9.1.0/armtools/bin/../lib/gcc/arm-atollic-eabi/6.3.1/armv7e-m/fpu/crtn.o

Memory Configuration

Name             Origin             Length             Attributes
RAM              0x20000000         0x00020000         xrw
CCMRAM           0x10000000         0x00010000         rw
FLASH            0x08000000         0x00100000         xr
*default*        0x00000000         0xffffffff

Linker script and memory map

LOAD c:/program files (x86)/atollic/truestudio for stm32 9.1.0/armtools/bin/../lib/gcc/arm-atollic-eabi/6.3.1/armv7e-m/fpu/crti.o
LOAD c:/program files (x86)/atollic/truestudio for stm32 9.1.0/armtools/bin/../lib/gcc/arm-atollic-eabi/6.3.1/armv7e-m/fpu/crtbegin.o
LOAD Drivers\STM32F4xx_HAL_Driver\Src\stm32f4xx_hal.o
LOAD Drivers\STM32F4xx_HAL_Driver\Src\stm32f4xx_hal_cortex.o
LOAD Drivers\STM32F4xx_HAL_Driver\Src\stm32f4xx_hal_dma.o
LOAD Drivers\STM32F4xx_HAL_Driver\Src\stm32f4xx_hal_dma_ex.o
LOAD Drivers\STM32F4xx_HAL_Driver\Src\stm32f4xx_hal_flash.o
LOAD Drivers\STM32F4xx_HAL_Driver\Src\stm32f4xx_hal_flash_ex.o
LOAD Drivers\STM32F4xx_HAL_Driver\Src\stm32f4xx_hal_flash_ramfunc.o
LOAD Drivers\STM32F4xx_HAL_Driver\Src\stm32f4xx_hal_gpio.o
LOAD Drivers\STM32F4xx_HAL_Driver\Src\stm32f4xx_hal_pwr.o
LOAD Drivers\STM32F4xx_HAL_Driver\Src\stm32f4xx_hal_pwr_ex.o
LOAD Drivers\STM32F4xx_HAL_Driver\Src\stm32f4xx_hal_rcc.o
LOAD Drivers\STM32F4xx_HAL_Driver\Src\stm32f4xx_hal_rcc_ex.o
LOAD Drivers\STM32F4xx_HAL_Driver\Src\stm32f4xx_hal_tim.o
LOAD Drivers\STM32F4xx_HAL_Driver\Src\stm32f4xx_hal_tim_ex.o
LOAD Drivers\STM32F4xx_HAL_Driver\Src\stm32f4xx_hal_uart.o
LOAD Src\main.o
LOAD Src\stm32f4xx_hal_msp.o
LOAD Src\stm32f4xx_it.o
LOAD Src\system_stm32f4xx.o
LOAD startup\startup_stm32f407xx.o
                0x00000080                malloc_getpagesize_P = 0x80
START GROUP
LOAD c:/program files (x86)/atollic/truestudio for stm32 9.1.0/armtools/bin/../lib/gcc/arm-atollic-eabi/6.3.1/../../../../arm-atollic-eabi/lib/armv7e-m/fpu\libc_nano.a
LOAD c:/program files (x86)/atollic/truestudio for stm32 9.1.0/armtools/bin/../lib/gcc/arm-atollic-eabi/6.3.1/../../../../arm-atollic-eabi/lib/armv7e-m/fpu\libm.a
END GROUP
START GROUP
LOAD c:/program files (x86)/atollic/truestudio for stm32 9.1.0/armtools/bin/../lib/gcc/arm-atollic-eabi/6.3.1/armv7e-m/fpu\libgcc.a
LOAD c:/program files (x86)/atollic/truestudio for stm32 9.1.0/armtools/bin/../lib/gcc/arm-atollic-eabi/6.3.1/../../../../arm-atollic-eabi/lib/armv7e-m/fpu\libc_nano.a
END GROUP
START GROUP
LOAD c:/program files (x86)/atollic/truestudio for stm32 9.1.0/armtools/bin/../lib/gcc/arm-atollic-eabi/6.3.1/armv7e-m/fpu\libgcc.a
LOAD c:/program files (x86)/atollic/truestudio for stm32 9.1.0/armtools/bin/../lib/gcc/arm-atollic-eabi/6.3.1/../../../../arm-atollic-eabi/lib/armv7e-m/fpu\libc_nano.a
LOAD c:/program files (x86)/atollic/truestudio for stm32 9.1.0/armtools/bin/../lib/gcc/arm-atollic-eabi/6.3.1/../../../../arm-atollic-eabi/lib/armv7e-m/fpu\libnosys.a
END GROUP
START GROUP
LOAD c:/program files (x86)/atollic/truestudio for stm32 9.1.0/armtools/bin/../lib/gcc/arm-atollic-eabi/6.3.1/armv7e-m/fpu\libgcc.a
LOAD c:/program files (x86)/atollic/truestudio for stm32 9.1.0/armtools/bin/../lib/gcc/arm-atollic-eabi/6.3.1/../../../../arm-atollic-eabi/lib/armv7e-m/fpu\libc_nano.a
LOAD c:/program files (x86)/atollic/truestudio for stm32 9.1.0/armtools/bin/../lib/gcc/arm-atollic-eabi/6.3.1/../../../../arm-atollic-eabi/lib/armv7e-m/fpu\libnosys.a
END GROUP
LOAD c:/program files (x86)/atollic/truestudio for stm32 9.1.0/armtools/bin/../lib/gcc/arm-atollic-eabi/6.3.1/armv7e-m/fpu/crtend.o
LOAD c:/program files (x86)/atollic/truestudio for stm32 9.1.0/armtools/bin/../lib/gcc/arm-atollic-eabi/6.3.1/armv7e-m/fpu/crtn.o
                0x20020000                _estack = 0x20020000
                0x00000200                _Min_Heap_Size = 0x200
                0x00000400                _Min_Stack_Size = 0x400

.isr_vector     0x08000000      0x188
                0x08000000                . = ALIGN (0x4)
 *(.isr_vector)
 .isr_vector    0x08000000      0x188 startup\startup_stm32f407xx.o
                0x08000000                g_pfnVectors
                0x08000188                . = ALIGN (0x4)

.text           0x08000188     0x1afc
                0x08000188                . = ALIGN (0x4)
 *(.text)
 .text          0x08000188       0x40 c:/program files (x86)/atollic/truestudio for stm32 9.1.0/armtools/bin/../lib/gcc/arm-atollic-eabi/6.3.1/armv7e-m/fpu/crtbegin.o
 .text          0x080001c8       0x30 c:/program files (x86)/atollic/truestudio for stm32 9.1.0/armtools/bin/../lib/gcc/arm-atollic-eabi/6.3.1/armv7e-m/fpu\libgcc.a(_aeabi_uldivmod.o)
                0x080001c8                __aeabi_uldivmod
 .text          0x080001f8      0x2dc c:/program files (x86)/atollic/truestudio for stm32 9.1.0/armtools/bin/../lib/gcc/arm-atollic-eabi/6.3.1/armv7e-m/fpu\libgcc.a(_udivmoddi4.o)
                0x080001f8                __udivmoddi4
 .text          0x080004d4        0x4 c:/program files (x86)/atollic/truestudio for stm32 9.1.0/armtools/bin/../lib/gcc/arm-atollic-eabi/6.3.1/armv7e-m/fpu\libgcc.a(_dvmd_tls.o)
                0x080004d4                __aeabi_idiv0
                0x080004d4                __aeabi_ldiv0
 *(.text*)
 .text.HAL_InitTick
                0x080004d8       0x28 Drivers\STM32F4xx_HAL_Driver\Src\stm32f4xx_hal.o
                0x080004d8                HAL_InitTick
 .text.HAL_Init
                0x08000500       0x34 Drivers\STM32F4xx_HAL_Driver\Src\stm32f4xx_hal.o
                0x08000500                HAL_Init
 .text.HAL_IncTick
                0x08000534       0x10 Drivers\STM32F4xx_HAL_Driver\Src\stm32f4xx_hal.o
                0x08000534                HAL_IncTick
 .text.HAL_GetTick
                0x08000544        0xc Drivers\STM32F4xx_HAL_Driver\Src\stm32f4xx_hal.o
                0x08000544                HAL_GetTick
 .text.HAL_NVIC_SetPriorityGrouping
                0x08000550       0x24 Drivers\STM32F4xx_HAL_Driver\Src\stm32f4xx_hal_cortex.o
                0x08000550                HAL_NVIC_SetPriorityGrouping
 .text.HAL_NVIC_SetPriority
                0x08000574       0x68 Drivers\STM32F4xx_HAL_Driver\Src\stm32f4xx_hal_cortex.o
                0x08000574                HAL_NVIC_SetPriority
 .text.HAL_NVIC_EnableIRQ
                0x080005dc       0x18 Drivers\STM32F4xx_HAL_Driver\Src\stm32f4xx_hal_cortex.o
                0x080005dc                HAL_NVIC_EnableIRQ
 .text.HAL_SYSTICK_Config
                0x080005f4       0x2c Drivers\STM32F4xx_HAL_Driver\Src\stm32f4xx_hal_cortex.o
                0x080005f4                HAL_SYSTICK_Config
 .text.HAL_SYSTICK_CLKSourceConfig
                0x08000620       0x18 Drivers\STM32F4xx_HAL_Driver\Src\stm32f4xx_hal_cortex.o
                0x08000620                HAL_SYSTICK_CLKSourceConfig
 .text.HAL_SYSTICK_Callback
                0x08000638        0x2 Drivers\STM32F4xx_HAL_Driver\Src\stm32f4xx_hal_cortex.o
                0x08000638                HAL_SYSTICK_Callback
 .text.HAL_SYSTICK_IRQHandler
                0x0800063a        0x8 Drivers\STM32F4xx_HAL_Driver\Src\stm32f4xx_hal_cortex.o
                0x0800063a                HAL_SYSTICK_IRQHandler
 .text.HAL_DMA_Abort_IT
                0x08000642       0x24 Drivers\STM32F4xx_HAL_Driver\Src\stm32f4xx_hal_dma.o
                0x08000642                HAL_DMA_Abort_IT
 *fill*         0x08000666        0x2 
 .text.HAL_GPIO_Init
                0x08000668      0x1c0 Drivers\STM32F4xx_HAL_Driver\Src\stm32f4xx_hal_gpio.o
                0x08000668                HAL_GPIO_Init
 .text.HAL_GPIO_WritePin
                0x08000828        0xa Drivers\STM32F4xx_HAL_Driver\Src\stm32f4xx_hal_gpio.o
                0x08000828                HAL_GPIO_WritePin
 *fill*         0x08000832        0x2 
 .text.HAL_RCC_OscConfig
                0x08000834      0x2ec Drivers\STM32F4xx_HAL_Driver\Src\stm32f4xx_hal_rcc.o
                0x08000834                HAL_RCC_OscConfig
 .text.HAL_RCC_GetSysClockFreq
                0x08000b20       0x5c Drivers\STM32F4xx_HAL_Driver\Src\stm32f4xx_hal_rcc.o
                0x08000b20                HAL_RCC_GetSysClockFreq
 .text.HAL_RCC_ClockConfig
                0x08000b7c      0x134 Drivers\STM32F4xx_HAL_Driver\Src\stm32f4xx_hal_rcc.o
                0x08000b7c                HAL_RCC_ClockConfig
 .text.HAL_RCC_GetHCLKFreq
                0x08000cb0        0xc Drivers\STM32F4xx_HAL_Driver\Src\stm32f4xx_hal_rcc.o
                0x08000cb0                HAL_RCC_GetHCLKFreq
 .text.HAL_RCC_GetPCLK1Freq
                0x08000cbc       0x20 Drivers\STM32F4xx_HAL_Driver\Src\stm32f4xx_hal_rcc.o
                0x08000cbc                HAL_RCC_GetPCLK1Freq
 .text.HAL_RCC_GetPCLK2Freq
                0x08000cdc       0x20 Drivers\STM32F4xx_HAL_Driver\Src\stm32f4xx_hal_rcc.o
                0x08000cdc                HAL_RCC_GetPCLK2Freq
 .text.TIM_OC1_SetConfig
                0x08000cfc       0x58 Drivers\STM32F4xx_HAL_Driver\Src\stm32f4xx_hal_tim.o
 .text.TIM_OC3_SetConfig
                0x08000d54       0x60 Drivers\STM32F4xx_HAL_Driver\Src\stm32f4xx_hal_tim.o
 .text.TIM_OC4_SetConfig
                0x08000db4       0x50 Drivers\STM32F4xx_HAL_Driver\Src\stm32f4xx_hal_tim.o
 .text.HAL_TIM_OC_MspInit
                0x08000e04        0x2 Drivers\STM32F4xx_HAL_Driver\Src\stm32f4xx_hal_tim.o
                0x08000e04                HAL_TIM_OC_MspInit
 .text.HAL_TIM_ConfigClockSource
                0x08000e06      0x172 Drivers\STM32F4xx_HAL_Driver\Src\stm32f4xx_hal_tim.o
                0x08000e06                HAL_TIM_ConfigClockSource
 .text.HAL_TIM_PeriodElapsedCallback
                0x08000f78        0x2 Drivers\STM32F4xx_HAL_Driver\Src\stm32f4xx_hal_tim.o
                0x08000f78                HAL_TIM_PeriodElapsedCallback
 .text.HAL_TIM_OC_DelayElapsedCallback
                0x08000f7a        0x2 Drivers\STM32F4xx_HAL_Driver\Src\stm32f4xx_hal_tim.o
                0x08000f7a                HAL_TIM_OC_DelayElapsedCallback
 .text.HAL_TIM_IC_CaptureCallback
                0x08000f7c        0x2 Drivers\STM32F4xx_HAL_Driver\Src\stm32f4xx_hal_tim.o
                0x08000f7c                HAL_TIM_IC_CaptureCallback
 .text.HAL_TIM_PWM_PulseFinishedCallback
                0x08000f7e        0x2 Drivers\STM32F4xx_HAL_Driver\Src\stm32f4xx_hal_tim.o
                0x08000f7e                HAL_TIM_PWM_PulseFinishedCallback
 .text.HAL_TIM_TriggerCallback
                0x08000f80        0x2 Drivers\STM32F4xx_HAL_Driver\Src\stm32f4xx_hal_tim.o
                0x08000f80                HAL_TIM_TriggerCallback
 .text.HAL_TIM_IRQHandler
                0x08000f82      0x144 Drivers\STM32F4xx_HAL_Driver\Src\stm32f4xx_hal_tim.o
                0x08000f82                HAL_TIM_IRQHandler
 *fill*         0x080010c6        0x2 
 .text.TIM_Base_SetConfig
                0x080010c8       0xc8 Drivers\STM32F4xx_HAL_Driver\Src\stm32f4xx_hal_tim.o
                0x080010c8                TIM_Base_SetConfig
 .text.HAL_TIM_Base_Init
                0x08001190       0x34 Drivers\STM32F4xx_HAL_Driver\Src\stm32f4xx_hal_tim.o
                0x08001190                HAL_TIM_Base_Init
 .text.HAL_TIM_OC_Init
                0x080011c4       0x34 Drivers\STM32F4xx_HAL_Driver\Src\stm32f4xx_hal_tim.o
                0x080011c4                HAL_TIM_OC_Init
 .text.TIM_OC2_SetConfig
                0x080011f8       0x60 Drivers\STM32F4xx_HAL_Driver\Src\stm32f4xx_hal_tim.o
                0x080011f8                TIM_OC2_SetConfig
 .text.HAL_TIM_OC_ConfigChannel
                0x08001258       0x5c Drivers\STM32F4xx_HAL_Driver\Src\stm32f4xx_hal_tim.o
                0x08001258                HAL_TIM_OC_ConfigChannel
 .text.TIM_CCxChannelCmd
                0x080012b4       0x18 Drivers\STM32F4xx_HAL_Driver\Src\stm32f4xx_hal_tim.o
                0x080012b4                TIM_CCxChannelCmd
 .text.HAL_TIM_PWM_Start
                0x080012cc       0x34 Drivers\STM32F4xx_HAL_Driver\Src\stm32f4xx_hal_tim.o
                0x080012cc                HAL_TIM_PWM_Start
 .text.HAL_TIM_OC_Start
                0x08001300        0x4 Drivers\STM32F4xx_HAL_Driver\Src\stm32f4xx_hal_tim.o
                0x08001300                HAL_TIM_OC_Start
 .text.HAL_TIMEx_MasterConfigSynchronization
                0x08001304       0x44 Drivers\STM32F4xx_HAL_Driver\Src\stm32f4xx_hal_tim_ex.o
                0x08001304                HAL_TIMEx_MasterConfigSynchronization
 .text.HAL_TIMEx_CommutationCallback
                0x08001348        0x2 Drivers\STM32F4xx_HAL_Driver\Src\stm32f4xx_hal_tim_ex.o
                0x08001348                HAL_TIMEx_CommutationCallback
 .text.HAL_TIMEx_BreakCallback
                0x0800134a        0x2 Drivers\STM32F4xx_HAL_Driver\Src\stm32f4xx_hal_tim_ex.o
                0x0800134a                HAL_TIMEx_BreakCallback
 .text.UART_EndRxTransfer
                0x0800134c       0x1a Drivers\STM32F4xx_HAL_Driver\Src\stm32f4xx_hal_uart.o
 *fill*         0x08001366        0x2 
 .text.UART_SetConfig
                0x08001368      0x234 Drivers\STM32F4xx_HAL_Driver\Src\stm32f4xx_hal_uart.o
 .text.HAL_UART_Init
                0x0800159c       0x5c Drivers\STM32F4xx_HAL_Driver\Src\stm32f4xx_hal_uart.o
                0x0800159c                HAL_UART_Init
 .text.HAL_UART_TxCpltCallback
                0x080015f8        0x2 Drivers\STM32F4xx_HAL_Driver\Src\stm32f4xx_hal_uart.o
                0x080015f8                HAL_UART_TxCpltCallback
 .text.HAL_UART_RxCpltCallback
                0x080015fa        0x2 Drivers\STM32F4xx_HAL_Driver\Src\stm32f4xx_hal_uart.o
                0x080015fa                HAL_UART_RxCpltCallback
 .text.UART_Receive_IT
                0x080015fc       0x74 Drivers\STM32F4xx_HAL_Driver\Src\stm32f4xx_hal_uart.o
 .text.HAL_UART_ErrorCallback
                0x08001670        0x2 Drivers\STM32F4xx_HAL_Driver\Src\stm32f4xx_hal_uart.o
                0x08001670                HAL_UART_ErrorCallback
 *fill*         0x08001672        0x2 
 .text.HAL_UART_IRQHandler
                0x08001674      0x140 Drivers\STM32F4xx_HAL_Driver\Src\stm32f4xx_hal_uart.o
                0x08001674                HAL_UART_IRQHandler
 .text.UART_DMAAbortOnError
                0x080017b4       0x10 Drivers\STM32F4xx_HAL_Driver\Src\stm32f4xx_hal_uart.o
 .text.StringToNum
                0x080017c4       0x2c Src\main.o
                0x080017c4                StringToNum
 .text.SystemClock_Config
                0x080017f0       0xac Src\main.o
                0x080017f0                SystemClock_Config
 .text.startup.main
                0x0800189c      0x160 Src\main.o
                0x0800189c                main
 .text.HAL_MspInit
                0x080019fc       0x60 Src\stm32f4xx_hal_msp.o
                0x080019fc                HAL_MspInit
 .text.HAL_TIM_Base_MspInit
                0x08001a5c       0x38 Src\stm32f4xx_hal_msp.o
                0x08001a5c                HAL_TIM_Base_MspInit
 .text.HAL_TIM_MspPostInit
                0x08001a94       0x2c Src\stm32f4xx_hal_msp.o
                0x08001a94                HAL_TIM_MspPostInit
 .text.HAL_UART_MspInit
                0x08001ac0       0x60 Src\stm32f4xx_hal_msp.o
                0x08001ac0                HAL_UART_MspInit
 .text.NMI_Handler
                0x08001b20        0x2 Src\stm32f4xx_it.o
                0x08001b20                NMI_Handler
 .text.HardFault_Handler
                0x08001b22        0x2 Src\stm32f4xx_it.o
                0x08001b22                HardFault_Handler
 .text.MemManage_Handler
                0x08001b24        0x2 Src\stm32f4xx_it.o
                0x08001b24                MemManage_Handler
 .text.BusFault_Handler
                0x08001b26        0x2 Src\stm32f4xx_it.o
                0x08001b26                BusFault_Handler
 .text.UsageFault_Handler
                0x08001b28        0x2 Src\stm32f4xx_it.o
                0x08001b28                UsageFault_Handler
 .text.SVC_Handler
                0x08001b2a        0x2 Src\stm32f4xx_it.o
                0x08001b2a                SVC_Handler
 .text.DebugMon_Handler
                0x08001b2c        0x2 Src\stm32f4xx_it.o
                0x08001b2c                DebugMon_Handler
 .text.PendSV_Handler
                0x08001b2e        0x2 Src\stm32f4xx_it.o
                0x08001b2e                PendSV_Handler
 .text.SysTick_Handler
                0x08001b30        0xe Src\stm32f4xx_it.o
                0x08001b30                SysTick_Handler
 *fill*         0x08001b3e        0x2 
 .text.TIM2_IRQHandler
                0x08001b40        0xc Src\stm32f4xx_it.o
                0x08001b40                TIM2_IRQHandler
 .text.USART2_IRQHandler
                0x08001b4c       0x38 Src\stm32f4xx_it.o
                0x08001b4c                USART2_IRQHandler
 .text.SystemInit
                0x08001b84       0x4c Src\system_stm32f4xx.o
                0x08001b84                SystemInit
 .text.Reset_Handler
                0x08001bd0       0x50 startup\startup_stm32f407xx.o
                0x08001bd0                Reset_Handler
 .text.Default_Handler
                0x08001c20        0x2 startup\startup_stm32f407xx.o
                0x08001c20                RTC_Alarm_IRQHandler
                0x08001c20                HASH_RNG_IRQHandler
                0x08001c20                EXTI2_IRQHandler
                0x08001c20                TIM8_CC_IRQHandler
                0x08001c20                TIM1_CC_IRQHandler
                0x08001c20                DMA2_Stream5_IRQHandler
                0x08001c20                DMA1_Stream5_IRQHandler
                0x08001c20                PVD_IRQHandler
                0x08001c20                SDIO_IRQHandler
                0x08001c20                TAMP_STAMP_IRQHandler
                0x08001c20                CAN2_RX1_IRQHandler
                0x08001c20                EXTI3_IRQHandler
                0x08001c20                TIM8_TRG_COM_TIM14_IRQHandler
                0x08001c20                TIM1_UP_TIM10_IRQHandler
                0x08001c20                TIM8_UP_TIM13_IRQHandler
                0x08001c20                I2C3_ER_IRQHandler
                0x08001c20                EXTI0_IRQHandler
                0x08001c20                I2C2_EV_IRQHandler
                0x08001c20                DMA1_Stream2_IRQHandler
                0x08001c20                CAN1_RX0_IRQHandler
                0x08001c20                FPU_IRQHandler
                0x08001c20                OTG_HS_WKUP_IRQHandler
                0x08001c20                CAN2_SCE_IRQHandler
                0x08001c20                DMA2_Stream2_IRQHandler
                0x08001c20                SPI1_IRQHandler
                0x08001c20                TIM6_DAC_IRQHandler
                0x08001c20                TIM1_BRK_TIM9_IRQHandler
                0x08001c20                DCMI_IRQHandler
                0x08001c20                CAN2_RX0_IRQHandler
                0x08001c20                DMA2_Stream3_IRQHandler
                0x08001c20                USART6_IRQHandler
                0x08001c20                USART3_IRQHandler
                0x08001c20                CAN1_RX1_IRQHandler
                0x08001c20                UART5_IRQHandler
                0x08001c20                DMA2_Stream0_IRQHandler
                0x08001c20                TIM4_IRQHandler
                0x08001c20                I2C1_EV_IRQHandler
                0x08001c20                DMA1_Stream6_IRQHandler
                0x08001c20                DMA1_Stream1_IRQHandler
                0x08001c20                UART4_IRQHandler
                0x08001c20                TIM3_IRQHandler
                0x08001c20                RCC_IRQHandler
                0x08001c20                TIM8_BRK_TIM12_IRQHandler
                0x08001c20                Default_Handler
                0x08001c20                EXTI15_10_IRQHandler
                0x08001c20                ADC_IRQHandler
                0x08001c20                DMA1_Stream7_IRQHandler
                0x08001c20                TIM7_IRQHandler
                0x08001c20                CAN2_TX_IRQHandler
                0x08001c20                TIM5_IRQHandler
                0x08001c20                DMA2_Stream7_IRQHandler
                0x08001c20                I2C3_EV_IRQHandler
                0x08001c20                EXTI9_5_IRQHandler
                0x08001c20                RTC_WKUP_IRQHandler
                0x08001c20                ETH_WKUP_IRQHandler
                0x08001c20                SPI2_IRQHandler
                0x08001c20                OTG_HS_EP1_IN_IRQHandler
                0x08001c20                DMA1_Stream0_IRQHandler
                0x08001c20                CAN1_TX_IRQHandler
                0x08001c20                EXTI4_IRQHandler
                0x08001c20                FSMC_IRQHandler
                0x08001c20                ETH_IRQHandler
                0x08001c20                OTG_HS_EP1_OUT_IRQHandler
                0x08001c20                WWDG_IRQHandler
                0x08001c20                OTG_FS_WKUP_IRQHandler
                0x08001c20                TIM1_TRG_COM_TIM11_IRQHandler
                0x08001c20                OTG_HS_IRQHandler
                0x08001c20                EXTI1_IRQHandler
                0x08001c20                I2C2_ER_IRQHandler
                0x08001c20                DMA2_Stream1_IRQHandler
                0x08001c20                CAN1_SCE_IRQHandler
                0x08001c20                FLASH_IRQHandler
                0x08001c20                DMA2_Stream4_IRQHandler
                0x08001c20                USART1_IRQHandler
                0x08001c20                OTG_FS_IRQHandler
                0x08001c20                SPI3_IRQHandler
                0x08001c20                DMA1_Stream4_IRQHandler
                0x08001c20                I2C1_ER_IRQHandler
                0x08001c20                DMA2_Stream6_IRQHandler
                0x08001c20                DMA1_Stream3_IRQHandler
 *fill*         0x08001c22        0x2 
 .text.__libc_init_array
                0x08001c24       0x48 c:/program files (x86)/atollic/truestudio for stm32 9.1.0/armtools/bin/../lib/gcc/arm-atollic-eabi/6.3.1/../../../../arm-atollic-eabi/lib/armv7e-m/fpu\libc_nano.a(lib_a-init.o)
                0x08001c24                __libc_init_array
 *(.glue_7)
 .glue_7        0x08001c6c        0x0 linker stubs
 *(.glue_7t)
 .glue_7t       0x08001c6c        0x0 linker stubs
 *(.eh_frame)
 .eh_frame      0x08001c6c        0x0 c:/program files (x86)/atollic/truestudio for stm32 9.1.0/armtools/bin/../lib/gcc/arm-atollic-eabi/6.3.1/armv7e-m/fpu/crtbegin.o
 *(.init)
 .init          0x08001c6c        0x4 c:/program files (x86)/atollic/truestudio for stm32 9.1.0/armtools/bin/../lib/gcc/arm-atollic-eabi/6.3.1/armv7e-m/fpu/crti.o
                0x08001c6c                _init
 .init          0x08001c70        0x8 c:/program files (x86)/atollic/truestudio for stm32 9.1.0/armtools/bin/../lib/gcc/arm-atollic-eabi/6.3.1/armv7e-m/fpu/crtn.o
 *(.fini)
 .fini          0x08001c78        0x4 c:/program files (x86)/atollic/truestudio for stm32 9.1.0/armtools/bin/../lib/gcc/arm-atollic-eabi/6.3.1/armv7e-m/fpu/crti.o
                0x08001c78                _fini
 .fini          0x08001c7c        0x8 c:/program files (x86)/atollic/truestudio for stm32 9.1.0/armtools/bin/../lib/gcc/arm-atollic-eabi/6.3.1/armv7e-m/fpu/crtn.o
                0x08001c84                . = ALIGN (0x4)
                0x08001c84                _etext = .

.vfp11_veneer   0x08001c84        0x0
 .vfp11_veneer  0x08001c84        0x0 linker stubs

.v4_bx          0x08001c84        0x0
 .v4_bx         0x08001c84        0x0 linker stubs

.iplt           0x08001c84        0x0
 .iplt          0x08001c84        0x0 c:/program files (x86)/atollic/truestudio for stm32 9.1.0/armtools/bin/../lib/gcc/arm-atollic-eabi/6.3.1/armv7e-m/fpu/crtbegin.o

.rodata         0x08001c84       0x18
                0x08001c84                . = ALIGN (0x4)
 *(.rodata)
 *(.rodata*)
 .rodata.AHBPrescTable
                0x08001c84       0x10 Src\system_stm32f4xx.o
                0x08001c84                AHBPrescTable
 .rodata.APBPrescTable
                0x08001c94        0x8 Src\system_stm32f4xx.o
                0x08001c94                APBPrescTable
                0x08001c9c                . = ALIGN (0x4)

.ARM.extab
 *(.ARM.extab* .gnu.linkonce.armextab.*)

.ARM            0x08001c9c        0x8
                0x08001c9c                __exidx_start = .
 *(.ARM.exidx*)
 .ARM.exidx     0x08001c9c        0x8 c:/program files (x86)/atollic/truestudio for stm32 9.1.0/armtools/bin/../lib/gcc/arm-atollic-eabi/6.3.1/armv7e-m/fpu\libgcc.a(_udivmoddi4.o)
                0x08001ca4                __exidx_end = .

.rel.dyn        0x08001ca4        0x0
 .rel.iplt      0x08001ca4        0x0 c:/program files (x86)/atollic/truestudio for stm32 9.1.0/armtools/bin/../lib/gcc/arm-atollic-eabi/6.3.1/armv7e-m/fpu/crtbegin.o

.preinit_array  0x08001ca4        0x0
                0x08001ca4                PROVIDE (__preinit_array_start, .)
 *(.preinit_array*)
                0x08001ca4                PROVIDE (__preinit_array_end, .)

.init_array     0x08001ca4        0x4
                0x08001ca4                PROVIDE (__init_array_start, .)
 *(SORT(.init_array.*))
 *(.init_array*)
 .init_array    0x08001ca4        0x4 c:/program files (x86)/atollic/truestudio for stm32 9.1.0/armtools/bin/../lib/gcc/arm-atollic-eabi/6.3.1/armv7e-m/fpu/crtbegin.o
                0x08001ca8                PROVIDE (__init_array_end, .)

.fini_array     0x08001ca8        0x4
                [!provide]                PROVIDE (__fini_array_start, .)
 *(SORT(.fini_array.*))
 *(.fini_array*)
 .fini_array    0x08001ca8        0x4 c:/program files (x86)/atollic/truestudio for stm32 9.1.0/armtools/bin/../lib/gcc/arm-atollic-eabi/6.3.1/armv7e-m/fpu/crtbegin.o
                [!provide]                PROVIDE (__fini_array_end, .)
                0x08001cac                _sidata = LOADADDR (.data)

.data           0x20000000       0x10 load address 0x08001cac
                0x20000000                . = ALIGN (0x4)
                0x20000000                _sdata = .
 *(.data)
 *(.data*)
 .data.v_Buf_u8
                0x20000000        0xa Src\main.o
                0x20000000                v_Buf_u8
 *fill*         0x2000000a        0x2 
 .data.SystemCoreClock
                0x2000000c        0x4 Src\system_stm32f4xx.o
                0x2000000c                SystemCoreClock
                0x20000010                . = ALIGN (0x4)
                0x20000010                _edata = .
                0x08001cbc                _siccmram = LOADADDR (.ccmram)

.igot.plt       0x20000010        0x0 load address 0x08001cbc
 .igot.plt      0x20000010        0x0 c:/program files (x86)/atollic/truestudio for stm32 9.1.0/armtools/bin/../lib/gcc/arm-atollic-eabi/6.3.1/armv7e-m/fpu/crtbegin.o

.ccmram         0x10000000        0x0 load address 0x08001cbc
                0x10000000                . = ALIGN (0x4)
                0x10000000                _sccmram = .
 *(.ccmram)
 *(.ccmram*)
                0x10000000                . = ALIGN (0x4)
                0x10000000                _eccmram = .
                0x10000000                . = ALIGN (0x4)

.bss            0x20000010       0xa8
                0x20000010                _sbss = .
                0x20000010                __bss_start__ = _sbss
 *(.bss)
 .bss           0x20000010       0x1c c:/program files (x86)/atollic/truestudio for stm32 9.1.0/armtools/bin/../lib/gcc/arm-atollic-eabi/6.3.1/armv7e-m/fpu/crtbegin.o
 *(.bss*)
 .bss.v_dataCount
                0x2000002c        0x1 Src\main.o
                0x2000002c                v_dataCount
 *(COMMON)
 *fill*         0x2000002d        0x3 
 COMMON         0x20000030        0x4 Drivers\STM32F4xx_HAL_Driver\Src\stm32f4xx_hal.o
                0x20000030                uwTick
 COMMON         0x20000034       0x82 Src\main.o
                0x20000034                v_data
                0x20000038                htim2
                0x20000074                huart2
                0x200000b4                v_data_u16
 COMMON         0x200000b6        0x1 Src\stm32f4xx_it.o
                0x200000b6                v_flag
                0x200000b8                . = ALIGN (0x4)
 *fill*         0x200000b7        0x1 
                0x200000b8                _ebss = .
                0x200000b8                __bss_end__ = _ebss

._user_heap_stack
                0x200000b8      0x600
                0x200000b8                . = ALIGN (0x4)
                [!provide]                PROVIDE (end, .)
                [!provide]                PROVIDE (_end, .)
                0x200002b8                . = (. + _Min_Heap_Size)
 *fill*         0x200000b8      0x200 
                0x200006b8                . = (. + _Min_Stack_Size)
 *fill*         0x200002b8      0x400 
                0x200006b8                . = ALIGN (0x4)

/DISCARD/
 libc.a(*)
 libm.a(*)
 libgcc.a(*)

.ARM.attributes
                0x00000000       0x30
 *(.ARM.attributes)
 .ARM.attributes
                0x00000000       0x22 c:/program files (x86)/atollic/truestudio for stm32 9.1.0/armtools/bin/../lib/gcc/arm-atollic-eabi/6.3.1/armv7e-m/fpu/crti.o
 .ARM.attributes
                0x00000022       0x34 c:/program files (x86)/atollic/truestudio for stm32 9.1.0/armtools/bin/../lib/gcc/arm-atollic-eabi/6.3.1/armv7e-m/fpu/crtbegin.o
 .ARM.attributes
                0x00000056       0x39 Drivers\STM32F4xx_HAL_Driver\Src\stm32f4xx_hal.o
 .ARM.attributes
                0x0000008f       0x39 Drivers\STM32F4xx_HAL_Driver\Src\stm32f4xx_hal_cortex.o
 .ARM.attributes
                0x000000c8       0x39 Drivers\STM32F4xx_HAL_Driver\Src\stm32f4xx_hal_dma.o
 .ARM.attributes
                0x00000101       0x39 Drivers\STM32F4xx_HAL_Driver\Src\stm32f4xx_hal_gpio.o
 .ARM.attributes
                0x0000013a       0x39 Drivers\STM32F4xx_HAL_Driver\Src\stm32f4xx_hal_rcc.o
 .ARM.attributes
                0x00000173       0x39 Drivers\STM32F4xx_HAL_Driver\Src\stm32f4xx_hal_tim.o
 .ARM.attributes
                0x000001ac       0x39 Drivers\STM32F4xx_HAL_Driver\Src\stm32f4xx_hal_tim_ex.o
 .ARM.attributes
                0x000001e5       0x39 Drivers\STM32F4xx_HAL_Driver\Src\stm32f4xx_hal_uart.o
 .ARM.attributes
                0x0000021e       0x39 Src\main.o
 .ARM.attributes
                0x00000257       0x39 Src\stm32f4xx_hal_msp.o
 .ARM.attributes
                0x00000290       0x39 Src\stm32f4xx_it.o
 .ARM.attributes
                0x000002c9       0x39 Src\system_stm32f4xx.o
 .ARM.attributes
                0x00000302       0x21 startup\startup_stm32f407xx.o
 .ARM.attributes
                0x00000323       0x34 c:/program files (x86)/atollic/truestudio for stm32 9.1.0/armtools/bin/../lib/gcc/arm-atollic-eabi/6.3.1/../../../../arm-atollic-eabi/lib/armv7e-m/fpu\libc_nano.a(lib_a-init.o)
 .ARM.attributes
                0x00000357       0x22 c:/program files (x86)/atollic/truestudio for stm32 9.1.0/armtools/bin/../lib/gcc/arm-atollic-eabi/6.3.1/armv7e-m/fpu\libgcc.a(_aeabi_uldivmod.o)
 .ARM.attributes
                0x00000379       0x34 c:/program files (x86)/atollic/truestudio for stm32 9.1.0/armtools/bin/../lib/gcc/arm-atollic-eabi/6.3.1/armv7e-m/fpu\libgcc.a(_udivmoddi4.o)
 .ARM.attributes
                0x000003ad       0x22 c:/program files (x86)/atollic/truestudio for stm32 9.1.0/armtools/bin/../lib/gcc/arm-atollic-eabi/6.3.1/armv7e-m/fpu\libgcc.a(_dvmd_tls.o)
 .ARM.attributes
                0x000003cf       0x22 c:/program files (x86)/atollic/truestudio for stm32 9.1.0/armtools/bin/../lib/gcc/arm-atollic-eabi/6.3.1/armv7e-m/fpu/crtn.o
OUTPUT(Interrupts.elf elf32-littlearm)

.debug_info     0x00000000    0x12312
 .debug_info    0x00000000     0x1100 Drivers\STM32F4xx_HAL_Driver\Src\stm32f4xx_hal.o
 .debug_info    0x00001100     0x1744 Drivers\STM32F4xx_HAL_Driver\Src\stm32f4xx_hal_cortex.o
 .debug_info    0x00002844     0x125c Drivers\STM32F4xx_HAL_Driver\Src\stm32f4xx_hal_dma.o
 .debug_info    0x00003aa0      0xf88 Drivers\STM32F4xx_HAL_Driver\Src\stm32f4xx_hal_gpio.o
 .debug_info    0x00004a28     0x123c Drivers\STM32F4xx_HAL_Driver\Src\stm32f4xx_hal_rcc.o
 .debug_info    0x00005c64     0x3ba2 Drivers\STM32F4xx_HAL_Driver\Src\stm32f4xx_hal_tim.o
 .debug_info    0x00009806     0x19a5 Drivers\STM32F4xx_HAL_Driver\Src\stm32f4xx_hal_tim_ex.o
 .debug_info    0x0000b1ab     0x1ea3 Drivers\STM32F4xx_HAL_Driver\Src\stm32f4xx_hal_uart.o
 .debug_info    0x0000d04e     0x1c1e Src\main.o
 .debug_info    0x0000ec6c     0x17c7 Src\stm32f4xx_hal_msp.o
 .debug_info    0x00010433     0x1156 Src\stm32f4xx_it.o
 .debug_info    0x00011589      0xd1c Src\system_stm32f4xx.o
 .debug_info    0x000122a5       0x6d startup\startup_stm32f407xx.o

.debug_abbrev   0x00000000     0x232f
 .debug_abbrev  0x00000000      0x2cf Drivers\STM32F4xx_HAL_Driver\Src\stm32f4xx_hal.o
 .debug_abbrev  0x000002cf      0x399 Drivers\STM32F4xx_HAL_Driver\Src\stm32f4xx_hal_cortex.o
 .debug_abbrev  0x00000668      0x34a Drivers\STM32F4xx_HAL_Driver\Src\stm32f4xx_hal_dma.o
 .debug_abbrev  0x000009b2      0x268 Drivers\STM32F4xx_HAL_Driver\Src\stm32f4xx_hal_gpio.o
 .debug_abbrev  0x00000c1a      0x348 Drivers\STM32F4xx_HAL_Driver\Src\stm32f4xx_hal_rcc.o
 .debug_abbrev  0x00000f62      0x3ac Drivers\STM32F4xx_HAL_Driver\Src\stm32f4xx_hal_tim.o
 .debug_abbrev  0x0000130e      0x300 Drivers\STM32F4xx_HAL_Driver\Src\stm32f4xx_hal_tim_ex.o
 .debug_abbrev  0x0000160e      0x397 Drivers\STM32F4xx_HAL_Driver\Src\stm32f4xx_hal_uart.o
 .debug_abbrev  0x000019a5      0x33a Src\main.o
 .debug_abbrev  0x00001cdf      0x232 Src\stm32f4xx_hal_msp.o
 .debug_abbrev  0x00001f11      0x242 Src\stm32f4xx_it.o
 .debug_abbrev  0x00002153      0x1ca Src\system_stm32f4xx.o
 .debug_abbrev  0x0000231d       0x12 startup\startup_stm32f407xx.o

.debug_loc      0x00000000     0x61d5
 .debug_loc     0x00000000       0x69 Drivers\STM32F4xx_HAL_Driver\Src\stm32f4xx_hal.o
 .debug_loc     0x00000069      0x4fb Drivers\STM32F4xx_HAL_Driver\Src\stm32f4xx_hal_cortex.o
 .debug_loc     0x00000564      0x727 Drivers\STM32F4xx_HAL_Driver\Src\stm32f4xx_hal_dma.o
 .debug_loc     0x00000c8b      0x3cd Drivers\STM32F4xx_HAL_Driver\Src\stm32f4xx_hal_gpio.o
 .debug_loc     0x00001058      0x2d3 Drivers\STM32F4xx_HAL_Driver\Src\stm32f4xx_hal_rcc.o
 .debug_loc     0x0000132b     0x30b2 Drivers\STM32F4xx_HAL_Driver\Src\stm32f4xx_hal_tim.o
 .debug_loc     0x000043dd      0x84a Drivers\STM32F4xx_HAL_Driver\Src\stm32f4xx_hal_tim_ex.o
 .debug_loc     0x00004c27     0x132c Drivers\STM32F4xx_HAL_Driver\Src\stm32f4xx_hal_uart.o
 .debug_loc     0x00005f53       0xab Src\main.o
 .debug_loc     0x00005ffe       0xbb Src\stm32f4xx_hal_msp.o
 .debug_loc     0x000060b9      0x11c Src\system_stm32f4xx.o

.debug_aranges  0x00000000      0x8a0
 .debug_aranges
                0x00000000       0xc0 Drivers\STM32F4xx_HAL_Driver\Src\stm32f4xx_hal.o
 .debug_aranges
                0x000000c0       0xa8 Drivers\STM32F4xx_HAL_Driver\Src\stm32f4xx_hal_cortex.o
 .debug_aranges
                0x00000168       0x80 Drivers\STM32F4xx_HAL_Driver\Src\stm32f4xx_hal_dma.o
 .debug_aranges
                0x000001e8       0x58 Drivers\STM32F4xx_HAL_Driver\Src\stm32f4xx_hal_gpio.o
 .debug_aranges
                0x00000240       0x88 Drivers\STM32F4xx_HAL_Driver\Src\stm32f4xx_hal_rcc.o
 .debug_aranges
                0x000002c8      0x250 Drivers\STM32F4xx_HAL_Driver\Src\stm32f4xx_hal_tim.o
 .debug_aranges
                0x00000518       0xf0 Drivers\STM32F4xx_HAL_Driver\Src\stm32f4xx_hal_tim_ex.o
 .debug_aranges
                0x00000608      0x170 Drivers\STM32F4xx_HAL_Driver\Src\stm32f4xx_hal_uart.o
 .debug_aranges
                0x00000778       0x38 Src\main.o
 .debug_aranges
                0x000007b0       0x48 Src\stm32f4xx_hal_msp.o
 .debug_aranges
                0x000007f8       0x58 Src\stm32f4xx_it.o
 .debug_aranges
                0x00000850       0x28 Src\system_stm32f4xx.o
 .debug_aranges
                0x00000878       0x28 startup\startup_stm32f407xx.o

.debug_ranges   0x00000000      0xaf0
 .debug_ranges  0x00000000       0xb0 Drivers\STM32F4xx_HAL_Driver\Src\stm32f4xx_hal.o
 .debug_ranges  0x000000b0      0x138 Drivers\STM32F4xx_HAL_Driver\Src\stm32f4xx_hal_cortex.o
 .debug_ranges  0x000001e8       0xc8 Drivers\STM32F4xx_HAL_Driver\Src\stm32f4xx_hal_dma.o
 .debug_ranges  0x000002b0       0x68 Drivers\STM32F4xx_HAL_Driver\Src\stm32f4xx_hal_gpio.o
 .debug_ranges  0x00000318       0xc8 Drivers\STM32F4xx_HAL_Driver\Src\stm32f4xx_hal_rcc.o
 .debug_ranges  0x000003e0      0x330 Drivers\STM32F4xx_HAL_Driver\Src\stm32f4xx_hal_tim.o
 .debug_ranges  0x00000710       0xe0 Drivers\STM32F4xx_HAL_Driver\Src\stm32f4xx_hal_tim_ex.o
 .debug_ranges  0x000007f0      0x178 Drivers\STM32F4xx_HAL_Driver\Src\stm32f4xx_hal_uart.o
 .debug_ranges  0x00000968       0xa0 Src\main.o
 .debug_ranges  0x00000a08       0x68 Src\stm32f4xx_hal_msp.o
 .debug_ranges  0x00000a70       0x48 Src\stm32f4xx_it.o
 .debug_ranges  0x00000ab8       0x18 Src\system_stm32f4xx.o
 .debug_ranges  0x00000ad0       0x20 startup\startup_stm32f407xx.o

.debug_line     0x00000000     0x4b30
 .debug_line    0x00000000      0x43b Drivers\STM32F4xx_HAL_Driver\Src\stm32f4xx_hal.o
 .debug_line    0x0000043b      0x4dc Drivers\STM32F4xx_HAL_Driver\Src\stm32f4xx_hal_cortex.o
 .debug_line    0x00000917      0x5f7 Drivers\STM32F4xx_HAL_Driver\Src\stm32f4xx_hal_dma.o
 .debug_line    0x00000f0e      0x47a Drivers\STM32F4xx_HAL_Driver\Src\stm32f4xx_hal_gpio.o
 .debug_line    0x00001388      0x57f Drivers\STM32F4xx_HAL_Driver\Src\stm32f4xx_hal_rcc.o
 .debug_line    0x00001907     0x117f Drivers\STM32F4xx_HAL_Driver\Src\stm32f4xx_hal_tim.o
 .debug_line    0x00002a86      0x6cb Drivers\STM32F4xx_HAL_Driver\Src\stm32f4xx_hal_tim_ex.o
 .debug_line    0x00003151      0xbef Drivers\STM32F4xx_HAL_Driver\Src\stm32f4xx_hal_uart.o
 .debug_line    0x00003d40      0x409 Src\main.o
 .debug_line    0x00004149      0x389 Src\stm32f4xx_hal_msp.o
 .debug_line    0x000044d2      0x36a Src\stm32f4xx_it.o
 .debug_line    0x0000483c      0x275 Src\system_stm32f4xx.o
 .debug_line    0x00004ab1       0x7f startup\startup_stm32f407xx.o

.debug_str      0x00000000     0x3909
 .debug_str     0x00000000      0xe53 Drivers\STM32F4xx_HAL_Driver\Src\stm32f4xx_hal.o
                                0xef9 (size before relaxing)
 .debug_str     0x00000e53      0x3ca Drivers\STM32F4xx_HAL_Driver\Src\stm32f4xx_hal_cortex.o
                               0x1086 (size before relaxing)
 .debug_str     0x0000121d      0x52c Drivers\STM32F4xx_HAL_Driver\Src\stm32f4xx_hal_dma.o
                                0xbe2 (size before relaxing)
 .debug_str     0x00001749      0x1de Drivers\STM32F4xx_HAL_Driver\Src\stm32f4xx_hal_gpio.o
                                0x95c (size before relaxing)
 .debug_str     0x00001927      0x2d0 Drivers\STM32F4xx_HAL_Driver\Src\stm32f4xx_hal_rcc.o
                                0xb16 (size before relaxing)
 .debug_str     0x00001bf7      0xef7 Drivers\STM32F4xx_HAL_Driver\Src\stm32f4xx_hal_tim.o
                               0x1821 (size before relaxing)
 .debug_str     0x00002aee      0x50d Drivers\STM32F4xx_HAL_Driver\Src\stm32f4xx_hal_tim_ex.o
                               0x10e1 (size before relaxing)
 .debug_str     0x00002ffb      0x6e1 Drivers\STM32F4xx_HAL_Driver\Src\stm32f4xx_hal_uart.o
                               0x105e (size before relaxing)
 .debug_str     0x000036dc       0xfb Src\main.o
                               0x16d0 (size before relaxing)
 .debug_str     0x000037d7       0x25 Src\stm32f4xx_hal_msp.o
                               0x1346 (size before relaxing)
 .debug_str     0x000037fc       0xc8 Src\stm32f4xx_it.o
                                0xd18 (size before relaxing)
 .debug_str     0x000038c4       0x45 Src\system_stm32f4xx.o
                                0x7c0 (size before relaxing)

.comment        0x00000000       0x7c
 .comment       0x00000000       0x7c Drivers\STM32F4xx_HAL_Driver\Src\stm32f4xx_hal.o
                                 0x7d (size before relaxing)
 .comment       0x0000007c       0x7d Drivers\STM32F4xx_HAL_Driver\Src\stm32f4xx_hal_cortex.o
 .comment       0x0000007c       0x7d Drivers\STM32F4xx_HAL_Driver\Src\stm32f4xx_hal_dma.o
 .comment       0x0000007c       0x7d Drivers\STM32F4xx_HAL_Driver\Src\stm32f4xx_hal_gpio.o
 .comment       0x0000007c       0x7d Drivers\STM32F4xx_HAL_Driver\Src\stm32f4xx_hal_rcc.o
 .comment       0x0000007c       0x7d Drivers\STM32F4xx_HAL_Driver\Src\stm32f4xx_hal_tim.o
 .comment       0x0000007c       0x7d Drivers\STM32F4xx_HAL_Driver\Src\stm32f4xx_hal_tim_ex.o
 .comment       0x0000007c       0x7d Drivers\STM32F4xx_HAL_Driver\Src\stm32f4xx_hal_uart.o
 .comment       0x0000007c       0x7d Src\main.o
 .comment       0x0000007c       0x7d Src\stm32f4xx_hal_msp.o
 .comment       0x0000007c       0x7d Src\stm32f4xx_it.o
 .comment       0x0000007c       0x7d Src\system_stm32f4xx.o

.debug_frame    0x00000000     0x1920
 .debug_frame   0x00000000      0x194 Drivers\STM32F4xx_HAL_Driver\Src\stm32f4xx_hal.o
 .debug_frame   0x00000194      0x158 Drivers\STM32F4xx_HAL_Driver\Src\stm32f4xx_hal_cortex.o
 .debug_frame   0x000002ec      0x150 Drivers\STM32F4xx_HAL_Driver\Src\stm32f4xx_hal_dma.o
 .debug_frame   0x0000043c       0xd8 Drivers\STM32F4xx_HAL_Driver\Src\stm32f4xx_hal_gpio.o
 .debug_frame   0x00000514      0x138 Drivers\STM32F4xx_HAL_Driver\Src\stm32f4xx_hal_rcc.o
 .debug_frame   0x0000064c      0x854 Drivers\STM32F4xx_HAL_Driver\Src\stm32f4xx_hal_tim.o
 .debug_frame   0x00000ea0      0x330 Drivers\STM32F4xx_HAL_Driver\Src\stm32f4xx_hal_tim_ex.o
 .debug_frame   0x000011d0      0x4a0 Drivers\STM32F4xx_HAL_Driver\Src\stm32f4xx_hal_uart.o
 .debug_frame   0x00001670       0x74 Src\main.o
 .debug_frame   0x000016e4       0xac Src\stm32f4xx_hal_msp.o
 .debug_frame   0x00001790       0xcc Src\stm32f4xx_it.o
 .debug_frame   0x0000185c       0x38 Src\system_stm32f4xx.o
 .debug_frame   0x00001894       0x2c c:/program files (x86)/atollic/truestudio for stm32 9.1.0/armtools/bin/../lib/gcc/arm-atollic-eabi/6.3.1/../../../../arm-atollic-eabi/lib/armv7e-m/fpu\libc_nano.a(lib_a-init.o)
 .debug_frame   0x000018c0       0x2c c:/program files (x86)/atollic/truestudio for stm32 9.1.0/armtools/bin/../lib/gcc/arm-atollic-eabi/6.3.1/armv7e-m/fpu\libgcc.a(_aeabi_uldivmod.o)
 .debug_frame   0x000018ec       0x34 c:/program files (x86)/atollic/truestudio for stm32 9.1.0/armtools/bin/../lib/gcc/arm-atollic-eabi/6.3.1/armv7e-m/fpu\libgcc.a(_udivmoddi4.o)
